{
  "output": "",
  "err": "Not Found: Not Found"
}