{
  "output": "",
  "err": "Not Found: Base does not exist"
}