{
  "output": "# Workflow Run Logs: Test Data Generation Workflow\n\n**Run ID:** 13839912722  \n**Size:** 13050 bytes  \n**Files:** 11  \n\n**Logs Directory:** /tmp/github-workflow-logs-geropl-github-mcp-go-test-13839912722-StaticForTesting\n\n## Extracted Log Files\n\n- generate-test-data/5_System Information with Random Formatting.txt\n- generate-test-data/2_Checkout repository.txt\n- generate-test-data/3_Random Number Generation.txt\n- generate-test-data/6_Random File Operations.txt\n- generate-test-data/4_Random Text Output.txt\n- generate-test-data/15_Complete job.txt\n- 0_generate-test-data.txt\n- -2147483648_generate-test-data.txt\n- generate-test-data/1_Set up job.txt\n- generate-test-data/14_Post Checkout repository.txt\n- generate-test-data/7_Random Calculations.txt\n\n## Usage Instructions\n\nThe logs have been extracted to the *Logs Directory* mentioned above. You can access the log files directly to view their contents.\n\n**Note:** The logs directory is temporary and will be cleaned up when the server restarts.\n",
  "err": ""
}