{
  "output": "",
  "err": "Validation Error: workflow_id cannot be empty"
}