{
  "output": "",
  "err": "Validation Error: run_id cannot be empty"
}