{
  "output": "",
  "err": "Validation Error: repository name cannot be empty"
}