{
  "output": "",
  "err": "Validation Error: run_id must be a string or number, got bool"
}