{
  "output": "# Workflow: Test Data Generation Workflow\n\n**ID:** 149593961  \n**Path:** .github/workflows/test-workflow.yml  \n**State:** active  \n**Created:** Thu, 13 Mar 2025 16:38:47 UTC  \n**Updated:** Thu, 13 Mar 2025 16:38:47 UTC  \n**URL:** https://github.com/geropl/github-mcp-go-test/blob/main/.github/workflows/test-workflow.yml  \n\n**Badge URL:** https://github.com/geropl/github-mcp-go-test/workflows/Test%20Data%20Generation%20Workflow/badge.svg  \n\n",
  "err": ""
}