{
  "output": "",
  "err": "Validation Error: owner cannot be empty"
}