{
  "output": "",
  "err": "Validation Error: workflow_id must be a string or number, got bool"
}