{
  "output": "",
  "err": "GitHub API Error: GitHub API error: unexpected status code: 404 Not Found"
}