{
  "output": "# Commit Comparison\n\n**Base Commit:** 4707587d1c57e90aeed4c846b1b71221c73de5f3  \n**Ahead By:** 0 commits  \n**Behind By:** 0 commits  \n**Status:** identical  \n**URL:** https://github.com/geropl/github-mcp-go-test/compare/main...main  \n\n## Stats\n\n**Total Commits:** 0  \n**Files Changed:** 0  \n**Additions:** 0  \n**Deletions:** 0  \n\n",
  "err": ""
}