{
  "output": "# Branches\n\nNo branches found.\n",
  "err": ""
}