{
  "output": "# Issue Search Results\n\n**Total Results:** 15846350\n\n## Issues\n\n### 1. [Issue #5: Bug test bug](https://github.com/Lufu251/LufuDrill/issues/5)\n\n**Repository:** []()  \n**State:** open  \n**Created:** Tue, 11 Mar 2025 14:15:15 UTC  \n**Labels:** bug  \n\n### 2. [Issue #3: bug bug bug](https://github.com/tasszz2k/gh-first-action/issues/3)\n\n**Repository:** []()  \n**State:** open  \n**Created:** Fri, 28 Feb 2025 15:52:48 UTC  \n\n### 3. [Issue #14994: [Bug] User login ACL bug (two bugs)](https://github.com/jumpserver/jumpserver/issues/14994)\n\n**Repository:** []()  \n**State:** open  \n**Created:** Tue, 11 Mar 2025 07:36:10 UTC  \n**Labels:** üêõ Bug, üîî Pending processing  \n\n### Product Version\n\nv4.7.0\n\n### Product Edition\n\n- [x] Community Edition\n- [ ] Enterprise Edition\n- [ ] Enterprise Trial Edition\n\n### Installation Method\n\n- [ ] Online Installation (One-click command...\n\n\n### 4. [Issue #29: [Bug]: gunlance bug](https://github.com/Bimmr/MHW-Buffer/issues/29)\n\n**Repository:** []()  \n**State:** open  \n**Created:** Sun, 09 Mar 2025 13:01:18 UTC  \n**Labels:** Bug, Information Needed  \n\n### Describe the bug\n\nGunlance - \ninstand charge \u003c\u003c\nshelling type:wide gunlance \ncharge shelling impossibility\n\n### Additional context\n\n_No response_\n\n\n### 5. [Issue #72: [BUG]: {BUG_NAME}](https://github.com/angelplusultra/job-shell/issues/72)\n\n**Repository:** []()  \n**State:** open  \n**Created:** Sun, 09 Mar 2025 12:22:59 UTC  \n**Labels:** bug  \n\n**Describe the bug**\nA clear and concise description of what the bug is.\n\n**To Reproduce**\nSteps to reproduce the behavior:\n1. Go to '...'\n2. Click on '....'\n3. Scroll down to '....'\n4. See error\n\n**E...\n\n\n",
  "err": ""
}