{
  "output": "# Code Search Results\n\n**Total Results:** 212736\n\n## Matches\n\n### 1. [mattn/go-v8/v8.go](https://github.com/mattn/go-v8/blob/26aaef359155a9968f577ab83dac77387572e0d4/v8.go)\n\n**Repository:** [mattn/go-v8](https://github.com/mattn/go-v8)\n**Path:** v8.go\n**File:** v8.go\n\n**Preview:**\n\n```\nv8.go\n```\n\n\n### 2. [cr7258/hands-on-lab/crossplane/composition-function/function-xbuckets/fn.go](https://github.com/cr7258/hands-on-lab/blob/847103d0524bce75daecc12809b90b4fff6decef/crossplane/composition-function/function-xbuckets/fn.go)\n\n**Repository:** [cr7258/hands-on-lab](https://github.com/cr7258/hands-on-lab)\n**Path:** crossplane/composition-function/function-xbuckets/fn.go\n**File:** crossplane/composition-function/function-xbuckets/fn.go\n\n**Preview:**\n\n```\nfn.go\n```\n\n\n### 3. [Shopify/go-lua/io.go](https://github.com/Shopify/go-lua/blob/9ab1540f3f5f0ce764f095036ba558d463a361b7/io.go)\n\n**Repository:** [Shopify/go-lua](https://github.com/Shopify/go-lua)\n**Path:** io.go\n**File:** io.go\n\n**Preview:**\n\n```\nio.go\n```\n\n\n### 4. [go-pg/pg/tx.go](https://github.com/go-pg/pg/blob/bce00adc25696cc87008ccc4daf10f6350bbdae8/tx.go)\n\n**Repository:** [go-pg/pg](https://github.com/go-pg/pg)\n**Path:** tx.go\n**File:** tx.go\n\n**Preview:**\n\n```\ntx.go\n```\n\n\n### 5. [txthinking/frank/vm.go](https://github.com/txthinking/frank/blob/0c838f7d723af236dc1ebc3bd87bec7c1a47d128/vm.go)\n\n**Repository:** [txthinking/frank](https://github.com/txthinking/frank)\n**Path:** vm.go\n**File:** vm.go\n\n**Preview:**\n\n```\nvm.go\n```\n\n\n### 6. [chewxy/hm/hm.go](https://github.com/chewxy/hm/blob/61efb3290a086d1335e8954b3734c102126818ba/hm.go)\n\n**Repository:** [chewxy/hm](https://github.com/chewxy/hm)\n**Path:** hm.go\n**File:** hm.go\n\n**Preview:**\n\n```\nhm.go\n```\n\n\n### 7. [Clever/resolve-ip/db.go](https://github.com/Clever/resolve-ip/blob/b7d6b261b77c383b3a9e57155cf5d82aad9dbbb9/db.go)\n\n**Repository:** [Clever/resolve-ip](https://github.com/Clever/resolve-ip)\n**Path:** db.go\n**File:** db.go\n\n**Preview:**\n\n```\ndb.go\n```\n\n\n### 8. [kkdai/bloomfilter/bf.go](https://github.com/kkdai/bloomfilter/blob/3f5e413b9809c1b7d5fab616827f8dc993741809/bf.go)\n\n**Repository:** [kkdai/bloomfilter](https://github.com/kkdai/bloomfilter)\n**Path:** bf.go\n**File:** bf.go\n\n**Preview:**\n\n```\nbf.go\n```\n\n\n### 9. [aegistudio/enigma/fs.go](https://github.com/aegistudio/enigma/blob/9da1fc053127f9d320ff0a709ae9de06ae09f08d/fs.go)\n\n**Repository:** [aegistudio/enigma](https://github.com/aegistudio/enigma)\n**Path:** fs.go\n**File:** fs.go\n\n**Preview:**\n\n```\nfs.go\n```\n\n\n### 10. [hebl/gofa/jd.go](https://github.com/hebl/gofa/blob/cc6851d952fea4dd415fcb7443932f65d1bb5a52/jd.go)\n\n**Repository:** [hebl/gofa](https://github.com/hebl/gofa)\n**Path:** jd.go\n**File:** jd.go\n\n**Preview:**\n\n```\njd.go\n```\n\n\n### 11. [68696c6c/goat/id.go](https://github.com/68696c6c/goat/blob/b429b0368b0e592482107dab8a59efff3cad1cc7/id.go)\n\n**Repository:** [68696c6c/goat](https://github.com/68696c6c/goat)\n**Path:** id.go\n**File:** id.go\n\n**Preview:**\n\n```\nid.go\n```\n\n\n### 12. [bluele/go-v7/v7.go](https://github.com/bluele/go-v7/blob/68e42e36e22dd25df3480b833676e9e6f5970fa4/v7.go)\n\n**Repository:** [bluele/go-v7](https://github.com/bluele/go-v7)\n**Path:** v7.go\n**File:** v7.go\n\n**Preview:**\n\n```\nv7.go\n```\n\n\n### 13. [Kreditech/go-cbes/cb.go](https://github.com/Kreditech/go-cbes/blob/8db9f5984f230d109900835d902e4735ecb53ed6/cb.go)\n\n**Repository:** [Kreditech/go-cbes](https://github.com/Kreditech/go-cbes)\n**Path:** cb.go\n**File:** cb.go\n\n**Preview:**\n\n```\ncb.go\n```\n\n\n### 14. [ghemawat/re/re.go](https://github.com/ghemawat/re/blob/7eba67951848b97e5f5cbccb89587b26313cc5ce/re.go)\n\n**Repository:** [ghemawat/re](https://github.com/ghemawat/re)\n**Path:** re.go\n**File:** re.go\n\n**Preview:**\n\n```\nre.go\n```\n\n\n### 15. [caltechlibrary/ixift/js.go](https://github.com/caltechlibrary/ixift/blob/8ee5a12a710900d760492d1af8df6daa798d5aca/js.go)\n\n**Repository:** [caltechlibrary/ixift](https://github.com/caltechlibrary/ixift)\n**Path:** js.go\n**File:** js.go\n\n**Preview:**\n\n```\njs.go\n```\n\n\n### 16. [barnjamin/randomforest/rf.go](https://github.com/barnjamin/randomforest/blob/24a7e0a2a375dff784bac1b1763d95680cf223a7/rf.go)\n\n**Repository:** [barnjamin/randomforest](https://github.com/barnjamin/randomforest)\n**Path:** rf.go\n**File:** rf.go\n\n**Preview:**\n\n```\nrf.go\n```\n\n\n### 17. [yawboakye/r/r.go](https://github.com/yawboakye/r/blob/8660f9f306fdfd9311670fed7f0902d51e82780b/r.go)\n\n**Repository:** [yawboakye/r](https://github.com/yawboakye/r)\n**Path:** r.go\n**File:** r.go\n\n**Preview:**\n\n```\nr.go\n```\n\n\n### 18. [guonaihong/recycle_bin/t.go](https://github.com/guonaihong/recycle_bin/blob/c20a3fc24eaa07ce2df8d1c212bd34b3868e94a6/t.go)\n\n**Repository:** [guonaihong/recycle_bin](https://github.com/guonaihong/recycle_bin)\n**Path:** t.go\n**File:** t.go\n\n**Preview:**\n\n```\nt.go\n```\n\n\n### 19. [Zaba505/sand/ui.go](https://github.com/Zaba505/sand/blob/ae47c12f84147d044e72750715ca06b13d2914c2/ui.go)\n\n**Repository:** [Zaba505/sand](https://github.com/Zaba505/sand)\n**Path:** ui.go\n**File:** ui.go\n\n**Preview:**\n\n```\nui.go\n```\n\n\n### 20. [tcnksm/init/main.go](https://github.com/tcnksm/init/blob/d22d7fe6d2ad1e26d2eba9beff0a5b74f54cd168/main.go)\n\n**Repository:** [tcnksm/init](https://github.com/tcnksm/init)\n**Path:** main.go\n**File:** main.go\n\n**Preview:**\n\n```\nmain.go\n```\n\n\n### 21. [bobbae/q/q.go](https://github.com/bobbae/q/blob/952171e851a6d3689cb675b90d290ed14df01536/q.go)\n\n**Repository:** [bobbae/q](https://github.com/bobbae/q)\n**Path:** q.go\n**File:** q.go\n\n**Preview:**\n\n```\nq.go\n```\n\n\n### 22. [bobg/fab/f.go](https://github.com/bobg/fab/blob/e9caf60d6e1d32cb4c0d42b2b2b6eee4a1df1acf/f.go)\n\n**Repository:** [bobg/fab](https://github.com/bobg/fab)\n**Path:** f.go\n**File:** f.go\n\n**Preview:**\n\n```\nf.go\n```\n\n\n### 23. [DeedleFake/migration/m.go](https://github.com/DeedleFake/migration/blob/72489490959c18cd50679e07915a753cbc1a440f/m.go)\n\n**Repository:** [DeedleFake/migration](https://github.com/DeedleFake/migration)\n**Path:** m.go\n**File:** m.go\n\n**Preview:**\n\n```\nm.go\n```\n\n\n### 24. [abhinav/ring-go/q.go](https://github.com/abhinav/ring-go/blob/f9ef01c69c979fa5d1987e514a41399a51a0caa5/q.go)\n\n**Repository:** [abhinav/ring-go](https://github.com/abhinav/ring-go)\n**Path:** q.go\n**File:** q.go\n\n**Preview:**\n\n```\nq.go\n```\n\n\n### 25. [mewspring/e/e.go](https://github.com/mewspring/e/blob/14bc276563c59740eb16eca213d54d0e5d1fb2c7/e.go)\n\n**Repository:** [mewspring/e](https://github.com/mewspring/e)\n**Path:** e.go\n**File:** e.go\n\n**Preview:**\n\n```\ne.go\n```\n\n\n### 26. [sbrow/ps/ps.go](https://github.com/sbrow/ps/blob/5327e27a5e73be708850114112c06b1bad2109e1/ps.go)\n\n**Repository:** [sbrow/ps](https://github.com/sbrow/ps)\n**Path:** ps.go\n**File:** ps.go\n\n**Preview:**\n\n```\nps.go\n```\n\n\n### 27. [arl/math32/jn.go](https://github.com/arl/math32/blob/3fd8309896b07ffaf91f55421d86edcdae08f199/jn.go)\n\n**Repository:** [arl/math32](https://github.com/arl/math32)\n**Path:** jn.go\n**File:** jn.go\n\n**Preview:**\n\n```\njn.go\n```\n\n\n### 28. [arl/math32/j1.go](https://github.com/arl/math32/blob/3fd8309896b07ffaf91f55421d86edcdae08f199/j1.go)\n\n**Repository:** [arl/math32](https://github.com/arl/math32)\n**Path:** j1.go\n**File:** j1.go\n\n**Preview:**\n\n```\nj1.go\n```\n\n\n### 29. [arl/math32/j0.go](https://github.com/arl/math32/blob/3fd8309896b07ffaf91f55421d86edcdae08f199/j0.go)\n\n**Repository:** [arl/math32](https://github.com/arl/math32)\n**Path:** j0.go\n**File:** j0.go\n\n**Preview:**\n\n```\nj0.go\n```\n\n\n### 30. [rmera/ree/qm.go](https://github.com/rmera/ree/blob/d2b11be6caa46f2c8ca692e1a5a17db6c0c81ac0/qm.go)\n\n**Repository:** [rmera/ree](https://github.com/rmera/ree)\n**Path:** qm.go\n**File:** qm.go\n\n**Preview:**\n\n```\nqm.go\n```\n\n\n",
  "err": ""
}