{
  "output": "# Commit Search Results\n\n**Total Results:** 21\n\n## Commits\n\n### 1. [gitpod-io/gitpod @ 3fdfd12](https://github.com/gitpod-io/gitpod/commit/3fdfd128f98b66b08618dd0fc1cdb4e0baeec676)\n\n**Repository:** [gitpod-io/gitpod](https://github.com/gitpod-io/gitpod)\n**SHA:** 3fdfd128f98b66b08618dd0fc1cdb4e0baeec676\n**Message:** [dashboard] Potential fix for \"lost workspace updates\" in StartWorkspace.tsx introduced in #20095 (#20189)\n**Author:** [geropl](https://github.com/geropl)\n**Date:** 2024-09-09T14:16:55+02:00\n\n### 2. [sourcegraph-testing/gitpod @ 4cc2030](https://github.com/sourcegraph-testing/gitpod/commit/4cc20308a028372aa7c8459d914ab3a9f0f7fe8c)\n\n**Repository:** [sourcegraph-testing/gitpod](https://github.com/sourcegraph-testing/gitpod)\n**SHA:** 4cc20308a028372aa7c8459d914ab3a9f0f7fe8c\n**Message:** [installer] registry-facade: Fix render bug\n**Author:** [geropl](https://github.com/geropl)\n**Date:** 2022-07-23T09:58:33Z\n\n### 3. [mniet2009/gitpod @ 4cc2030](https://github.com/mniet2009/gitpod/commit/4cc20308a028372aa7c8459d914ab3a9f0f7fe8c)\n\n**Repository:** [mniet2009/gitpod](https://github.com/mniet2009/gitpod)\n**SHA:** 4cc20308a028372aa7c8459d914ab3a9f0f7fe8c\n**Message:** [installer] registry-facade: Fix render bug\n**Author:** [geropl](https://github.com/geropl)\n**Date:** 2022-07-23T09:58:33Z\n\n### 4. [hiranmayee2002/cloud-project @ 4cc2030](https://github.com/hiranmayee2002/cloud-project/commit/4cc20308a028372aa7c8459d914ab3a9f0f7fe8c)\n\n**Repository:** [hiranmayee2002/cloud-project](https://github.com/hiranmayee2002/cloud-project)\n**SHA:** 4cc20308a028372aa7c8459d914ab3a9f0f7fe8c\n**Message:** [installer] registry-facade: Fix render bug\n**Author:** [geropl](https://github.com/geropl)\n**Date:** 2022-07-23T09:58:33Z\n\n### 5. [gitpod-io/gitpod @ 4cc2030](https://github.com/gitpod-io/gitpod/commit/4cc20308a028372aa7c8459d914ab3a9f0f7fe8c)\n\n**Repository:** [gitpod-io/gitpod](https://github.com/gitpod-io/gitpod)\n**SHA:** 4cc20308a028372aa7c8459d914ab3a9f0f7fe8c\n**Message:** [installer] registry-facade: Fix render bug\n**Author:** [geropl](https://github.com/geropl)\n**Date:** 2022-07-23T09:58:33Z\n\n### 6. [trilogy-group/cn-gitpod @ 4cc2030](https://github.com/trilogy-group/cn-gitpod/commit/4cc20308a028372aa7c8459d914ab3a9f0f7fe8c)\n\n**Repository:** [trilogy-group/cn-gitpod](https://github.com/trilogy-group/cn-gitpod)\n**SHA:** 4cc20308a028372aa7c8459d914ab3a9f0f7fe8c\n**Message:** [installer] registry-facade: Fix render bug\n**Author:** [geropl](https://github.com/geropl)\n**Date:** 2022-07-23T09:58:33Z\n\n### 7. [hiranmayee2002/testing @ 4cc2030](https://github.com/hiranmayee2002/testing/commit/4cc20308a028372aa7c8459d914ab3a9f0f7fe8c)\n\n**Repository:** [hiranmayee2002/testing](https://github.com/hiranmayee2002/testing)\n**SHA:** 4cc20308a028372aa7c8459d914ab3a9f0f7fe8c\n**Message:** [installer] registry-facade: Fix render bug\n**Author:** [geropl](https://github.com/geropl)\n**Date:** 2022-07-23T09:58:33Z\n\n### 8. [sourcegraph-testing/gitpod @ a2c85dc](https://github.com/sourcegraph-testing/gitpod/commit/a2c85dccb392b9ced68d0a9e5b45d8e7bf1abb6b)\n\n**Repository:** [sourcegraph-testing/gitpod](https://github.com/sourcegraph-testing/gitpod)\n**SHA:** a2c85dccb392b9ced68d0a9e5b45d8e7bf1abb6b\n**Message:** [server] Bump ws version 7.5.5 -\u003e 7.5.6\n**Author:** [geropl](https://github.com/geropl)\n**Date:** 2022-01-14T11:49:24Z\n\n### 9. [hiranmayee2002/cloud-project @ a2c85dc](https://github.com/hiranmayee2002/cloud-project/commit/a2c85dccb392b9ced68d0a9e5b45d8e7bf1abb6b)\n\n**Repository:** [hiranmayee2002/cloud-project](https://github.com/hiranmayee2002/cloud-project)\n**SHA:** a2c85dccb392b9ced68d0a9e5b45d8e7bf1abb6b\n**Message:** [server] Bump ws version 7.5.5 -\u003e 7.5.6\n**Author:** [geropl](https://github.com/geropl)\n**Date:** 2022-01-14T11:49:24Z\n\n### 10. [mniet2009/gitpod @ a2c85dc](https://github.com/mniet2009/gitpod/commit/a2c85dccb392b9ced68d0a9e5b45d8e7bf1abb6b)\n\n**Repository:** [mniet2009/gitpod](https://github.com/mniet2009/gitpod)\n**SHA:** a2c85dccb392b9ced68d0a9e5b45d8e7bf1abb6b\n**Message:** [server] Bump ws version 7.5.5 -\u003e 7.5.6\n**Author:** [geropl](https://github.com/geropl)\n**Date:** 2022-01-14T11:49:24Z\n\n### 11. [gitpod-io/gitpod @ a2c85dc](https://github.com/gitpod-io/gitpod/commit/a2c85dccb392b9ced68d0a9e5b45d8e7bf1abb6b)\n\n**Repository:** [gitpod-io/gitpod](https://github.com/gitpod-io/gitpod)\n**SHA:** a2c85dccb392b9ced68d0a9e5b45d8e7bf1abb6b\n**Message:** [server] Bump ws version 7.5.5 -\u003e 7.5.6\n**Author:** [geropl](https://github.com/geropl)\n**Date:** 2022-01-14T11:49:24Z\n\n### 12. [bemail/gitpod @ a2c85dc](https://github.com/bemail/gitpod/commit/a2c85dccb392b9ced68d0a9e5b45d8e7bf1abb6b)\n\n**Repository:** [bemail/gitpod](https://github.com/bemail/gitpod)\n**SHA:** a2c85dccb392b9ced68d0a9e5b45d8e7bf1abb6b\n**Message:** [server] Bump ws version 7.5.5 -\u003e 7.5.6\n**Author:** [geropl](https://github.com/geropl)\n**Date:** 2022-01-14T11:49:24Z\n\n### 13. [trilogy-group/cn-gitpod @ a2c85dc](https://github.com/trilogy-group/cn-gitpod/commit/a2c85dccb392b9ced68d0a9e5b45d8e7bf1abb6b)\n\n**Repository:** [trilogy-group/cn-gitpod](https://github.com/trilogy-group/cn-gitpod)\n**SHA:** a2c85dccb392b9ced68d0a9e5b45d8e7bf1abb6b\n**Message:** [server] Bump ws version 7.5.5 -\u003e 7.5.6\n**Author:** [geropl](https://github.com/geropl)\n**Date:** 2022-01-14T11:49:24Z\n\n### 14. [sourcegraph-testing/gitpod @ 1bec3ef](https://github.com/sourcegraph-testing/gitpod/commit/1bec3ef468625ba2c450594f28c5f90b990d1c6b)\n\n**Repository:** [sourcegraph-testing/gitpod](https://github.com/sourcegraph-testing/gitpod)\n**SHA:** 1bec3ef468625ba2c450594f28c5f90b990d1c6b\n**Message:** [werft] Lift builds scripts fro JS to TS (and fix bugs along the way)\n**Author:** [geropl](https://github.com/geropl)\n**Date:** 2021-04-07T12:33:08Z\n\n### 15. [hiranmayee2002/testing @ a2c85dc](https://github.com/hiranmayee2002/testing/commit/a2c85dccb392b9ced68d0a9e5b45d8e7bf1abb6b)\n\n**Repository:** [hiranmayee2002/testing](https://github.com/hiranmayee2002/testing)\n**SHA:** a2c85dccb392b9ced68d0a9e5b45d8e7bf1abb6b\n**Message:** [server] Bump ws version 7.5.5 -\u003e 7.5.6\n**Author:** [geropl](https://github.com/geropl)\n**Date:** 2022-01-14T11:49:24Z\n\n### 16. [hiranmayee2002/cloud-project @ 1bec3ef](https://github.com/hiranmayee2002/cloud-project/commit/1bec3ef468625ba2c450594f28c5f90b990d1c6b)\n\n**Repository:** [hiranmayee2002/cloud-project](https://github.com/hiranmayee2002/cloud-project)\n**SHA:** 1bec3ef468625ba2c450594f28c5f90b990d1c6b\n**Message:** [werft] Lift builds scripts fro JS to TS (and fix bugs along the way)\n**Author:** [geropl](https://github.com/geropl)\n**Date:** 2021-04-07T12:33:08Z\n\n### 17. [mniet2009/gitpod @ 1bec3ef](https://github.com/mniet2009/gitpod/commit/1bec3ef468625ba2c450594f28c5f90b990d1c6b)\n\n**Repository:** [mniet2009/gitpod](https://github.com/mniet2009/gitpod)\n**SHA:** 1bec3ef468625ba2c450594f28c5f90b990d1c6b\n**Message:** [werft] Lift builds scripts fro JS to TS (and fix bugs along the way)\n**Author:** [geropl](https://github.com/geropl)\n**Date:** 2021-04-07T12:33:08Z\n\n### 18. [gitpod-io/gitpod @ 1bec3ef](https://github.com/gitpod-io/gitpod/commit/1bec3ef468625ba2c450594f28c5f90b990d1c6b)\n\n**Repository:** [gitpod-io/gitpod](https://github.com/gitpod-io/gitpod)\n**SHA:** 1bec3ef468625ba2c450594f28c5f90b990d1c6b\n**Message:** [werft] Lift builds scripts fro JS to TS (and fix bugs along the way)\n**Author:** [geropl](https://github.com/geropl)\n**Date:** 2021-04-07T12:33:08Z\n\n### 19. [bemail/gitpod @ 1bec3ef](https://github.com/bemail/gitpod/commit/1bec3ef468625ba2c450594f28c5f90b990d1c6b)\n\n**Repository:** [bemail/gitpod](https://github.com/bemail/gitpod)\n**SHA:** 1bec3ef468625ba2c450594f28c5f90b990d1c6b\n**Message:** [werft] Lift builds scripts fro JS to TS (and fix bugs along the way)\n**Author:** [geropl](https://github.com/geropl)\n**Date:** 2021-04-07T12:33:08Z\n\n### 20. [trilogy-group/cn-gitpod @ 1bec3ef](https://github.com/trilogy-group/cn-gitpod/commit/1bec3ef468625ba2c450594f28c5f90b990d1c6b)\n\n**Repository:** [trilogy-group/cn-gitpod](https://github.com/trilogy-group/cn-gitpod)\n**SHA:** 1bec3ef468625ba2c450594f28c5f90b990d1c6b\n**Message:** [werft] Lift builds scripts fro JS to TS (and fix bugs along the way)\n**Author:** [geropl](https://github.com/geropl)\n**Date:** 2021-04-07T12:33:08Z\n\n### 21. [hiranmayee2002/testing @ 1bec3ef](https://github.com/hiranmayee2002/testing/commit/1bec3ef468625ba2c450594f28c5f90b990d1c6b)\n\n**Repository:** [hiranmayee2002/testing](https://github.com/hiranmayee2002/testing)\n**SHA:** 1bec3ef468625ba2c450594f28c5f90b990d1c6b\n**Message:** [werft] Lift builds scripts fro JS to TS (and fix bugs along the way)\n**Author:** [geropl](https://github.com/geropl)\n**Date:** 2021-04-07T12:33:08Z\n\n",
  "err": ""
}