{
  "output": "# Issue Search Results\n\n**Total Results:** 0\n\nNo issues found.\n",
  "err": ""
}