{
  "output": "",
  "err": "Validation Error: Validation Failed"
}