{
  "output": "# Code Search Results\n\n**Total Results:** 11601408\n\n## Matches\n\n### 1. [CartoDB/torque/NEWS](https://github.com/CartoDB/torque/blob/11b73bbc9a55b7c67c1ab72759a58eb417b88555/NEWS)\n\n**Repository:** [CartoDB/torque](https://github.com/CartoDB/torque)\n**Path:** NEWS\n**File:** NEWS\n\n**Preview:**\n\n```\nNEWS\n```\n\n\n### 2. [wizardforcel/eloquent-js-3e-zh/7.md](https://github.com/wizardforcel/eloquent-js-3e-zh/blob/097ef4522075bcdf3e167e38cce1b7fae034579c/7.md)\n\n**Repository:** [wizardforcel/eloquent-js-3e-zh](https://github.com/wizardforcel/eloquent-js-3e-zh)\n**Path:** 7.md\n**File:** 7.md\n\n**Preview:**\n\n```\n7.md\n```\n\n\n### 3. [trstringer/cli-debugging-cheatsheets/c.md](https://github.com/trstringer/cli-debugging-cheatsheets/blob/9a4a51b59fcb1933000b3a0a37482933f83e1d44/c.md)\n\n**Repository:** [trstringer/cli-debugging-cheatsheets](https://github.com/trstringer/cli-debugging-cheatsheets)\n**Path:** c.md\n**File:** c.md\n\n**Preview:**\n\n```\nc.md\n```\n\n\n### 4. [schani/mathmap/TODO](https://github.com/schani/mathmap/blob/42aee5d30f548533e40755392789c36e754d74a9/TODO)\n\n**Repository:** [schani/mathmap](https://github.com/schani/mathmap)\n**Path:** TODO\n**File:** TODO\n\n**Preview:**\n\n```\nTODO\n```\n\n\n### 5. [javanf/web-im/2.md](https://github.com/javanf/web-im/blob/357b696cb89757b064115eabf7c2efe3e3edf711/2.md)\n\n**Repository:** [javanf/web-im](https://github.com/javanf/web-im)\n**Path:** 2.md\n**File:** 2.md\n\n**Preview:**\n\n```\n2.md\n```\n\n\n### 6. [royhills/ike-scan/NEWS](https://github.com/royhills/ike-scan/blob/c74c01fd22d9a3aae3d8ba9a0bd2eb1a2146ac6f/NEWS)\n\n**Repository:** [royhills/ike-scan](https://github.com/royhills/ike-scan)\n**Path:** NEWS\n**File:** NEWS\n\n**Preview:**\n\n```\nNEWS\n```\n\n\n### 7. [chinanf-boy/robinson-zh/6.md](https://github.com/chinanf-boy/robinson-zh/blob/eb1773387e7fd35223adad1a2a3ead177ff4b256/6.md)\n\n**Repository:** [chinanf-boy/robinson-zh](https://github.com/chinanf-boy/robinson-zh)\n**Path:** 6.md\n**File:** 6.md\n\n**Preview:**\n\n```\n6.md\n```\n\n\n### 8. [walles/bubblemon/FAQ](https://github.com/walles/bubblemon/blob/8f9aa9d410c283f87d9bc1443f80f13c3a86a11f/FAQ)\n\n**Repository:** [walles/bubblemon](https://github.com/walles/bubblemon)\n**Path:** FAQ\n**File:** FAQ\n\n**Preview:**\n\n```\nFAQ\n```\n\n\n### 9. [openvswitch/openvswitch.github.io/releases/NEWS-2.13.8.txt](https://github.com/openvswitch/openvswitch.github.io/blob/b9c0833d00e858b169d5cf7d3c7e9c36b20b4f04/releases/NEWS-2.13.8.txt)\n\n**Repository:** [openvswitch/openvswitch.github.io](https://github.com/openvswitch/openvswitch.github.io)\n**Path:** releases/NEWS-2.13.8.txt\n**File:** releases/NEWS-2.13.8.txt\n\n**Preview:**\n\n```\nNEWS-2.13.8.txt\n```\n\n\n### 10. [iTranslateX/odoo-essentials/5.md](https://github.com/iTranslateX/odoo-essentials/blob/d740941b89fc016b46b1ced11500be9b16f67270/5.md)\n\n**Repository:** [iTranslateX/odoo-essentials](https://github.com/iTranslateX/odoo-essentials)\n**Path:** 5.md\n**File:** 5.md\n\n**Preview:**\n\n```\n5.md\n```\n\n\n### 11. [gobbledygook88/Notes-On/C.md](https://github.com/gobbledygook88/Notes-On/blob/1f0facf4dae598b5acbcc2f2dc8873c4ba68621f/C.md)\n\n**Repository:** [gobbledygook88/Notes-On](https://github.com/gobbledygook88/Notes-On)\n**Path:** C.md\n**File:** C.md\n\n**Preview:**\n\n```\nC.md\n```\n\n\n### 12. [ysnbogt/aliases/a.md](https://github.com/ysnbogt/aliases/blob/d889e7dcbfd84f7a865444c1da65a8fcd7ec9127/a.md)\n\n**Repository:** [ysnbogt/aliases](https://github.com/ysnbogt/aliases)\n**Path:** a.md\n**File:** a.md\n\n**Preview:**\n\n```\na.md\n```\n\n\n### 13. [PdxCodeGuild/PDX-Code-Guild/-.md](https://github.com/PdxCodeGuild/PDX-Code-Guild/blob/a9eae7ba2e046565463fccc4e3f805e48500060f/-.md)\n\n**Repository:** [PdxCodeGuild/PDX-Code-Guild](https://github.com/PdxCodeGuild/PDX-Code-Guild)\n**Path:** -.md\n**File:** -.md\n\n**Preview:**\n\n```\n-.md\n```\n\n\n### 14. [hhirsch/armagetron/Changelog.md](https://github.com/hhirsch/armagetron/blob/ea92d1329723beb1b7b925c14773fbcf041d9fbd/Changelog.md)\n\n**Repository:** [hhirsch/armagetron](https://github.com/hhirsch/armagetron)\n**Path:** Changelog.md\n**File:** Changelog.md\n\n**Preview:**\n\n```\nChangelog.md\n```\n\n\n### 15. [tio/tio/NEWS](https://github.com/tio/tio/blob/7567e08227ace6992d5c98d1936fd2c119f4b49b/NEWS)\n\n**Repository:** [tio/tio](https://github.com/tio/tio)\n**Path:** NEWS\n**File:** NEWS\n\n**Preview:**\n\n```\nNEWS\n```\n\n\n### 16. [whoshuu/advent/1.md](https://github.com/whoshuu/advent/blob/1706f36999735b6e924467a58a0dd9cd97d7d3fb/1.md)\n\n**Repository:** [whoshuu/advent](https://github.com/whoshuu/advent)\n**Path:** 1.md\n**File:** 1.md\n\n**Preview:**\n\n```\n1.md\n```\n\n\n### 17. [spitbol/spitbol-docs/M.md](https://github.com/spitbol/spitbol-docs/blob/2d4d67144b285c8a7bf1aeb1f8fdfbb2e8afc1b1/M.md)\n\n**Repository:** [spitbol/spitbol-docs](https://github.com/spitbol/spitbol-docs)\n**Path:** M.md\n**File:** M.md\n\n**Preview:**\n\n```\nM.md\n```\n\n\n### 18. [apachecn/pandas-cookbook-code-notes/7.md](https://github.com/apachecn/pandas-cookbook-code-notes/blob/2841f9bc0f91a9ed544d535d6c16775cc9d49d27/7.md)\n\n**Repository:** [apachecn/pandas-cookbook-code-notes](https://github.com/apachecn/pandas-cookbook-code-notes)\n**Path:** 7.md\n**File:** 7.md\n\n**Preview:**\n\n```\n7.md\n```\n\n\n### 19. [Nimda6720/ECE_1103_2310028/4.md](https://github.com/Nimda6720/ECE_1103_2310028/blob/4012d074fed8374f5638b61af2507cf6f36482d0/4.md)\n\n**Repository:** [Nimda6720/ECE_1103_2310028](https://github.com/Nimda6720/ECE_1103_2310028)\n**Path:** 4.md\n**File:** 4.md\n\n**Preview:**\n\n```\n4.md\n```\n\n\n### 20. [zk/vim/FAQ](https://github.com/zk/vim/blob/4ad69ac14d0c4b6e560602eeb0183c05202d1fa9/FAQ)\n\n**Repository:** [zk/vim](https://github.com/zk/vim)\n**Path:** FAQ\n**File:** FAQ\n\n**Preview:**\n\n```\nFAQ\n```\n\n\n### 21. [PragatiDBhat/Portfolio/3.md](https://github.com/PragatiDBhat/Portfolio/blob/26956cb6906fc52c2ee6ac2246978ff7416f906b/3.md)\n\n**Repository:** [PragatiDBhat/Portfolio](https://github.com/PragatiDBhat/Portfolio)\n**Path:** 3.md\n**File:** 3.md\n\n**Preview:**\n\n```\n3.md\n```\n\n\n### 22. [yashvinthan/yashvinthan/8.md](https://github.com/yashvinthan/yashvinthan/blob/0696a66982be5749b6e780ba2efedb7eac480645/8.md)\n\n**Repository:** [yashvinthan/yashvinthan](https://github.com/yashvinthan/yashvinthan)\n**Path:** 8.md\n**File:** 8.md\n\n**Preview:**\n\n```\n8.md\n```\n\n\n### 23. [cmsc330summer24/summer24/projects/project3.md](https://github.com/cmsc330summer24/summer24/blob/8af15de2073dda3bd8d920f4881551e884e4a231/projects/project3.md)\n\n**Repository:** [cmsc330summer24/summer24](https://github.com/cmsc330summer24/summer24)\n**Path:** projects/project3.md\n**File:** projects/project3.md\n\n**Preview:**\n\n```\nproject3.md\n```\n\n\n### 24. [nonggde/Ai-video-production/ai](https://github.com/nonggde/Ai-video-production/blob/bfe36975d9cd0f0e3c29da6e724e96305f427ee6/ai)\n\n**Repository:** [nonggde/Ai-video-production](https://github.com/nonggde/Ai-video-production)\n**Path:** ai\n**File:** ai\n\n**Preview:**\n\n```\nai\n```\n\n\n### 25. [nandan-desai-extras/c-to-process/3.md](https://github.com/nandan-desai-extras/c-to-process/blob/ea38dc33eb670cc9c0f6efd53517c574cb912861/3.md)\n\n**Repository:** [nandan-desai-extras/c-to-process](https://github.com/nandan-desai-extras/c-to-process)\n**Path:** 3.md\n**File:** 3.md\n\n**Preview:**\n\n```\n3.md\n```\n\n\n### 26. [klutometis/mod_scheme/TODO](https://github.com/klutometis/mod_scheme/blob/8b814ea9ea1544447b708dd9b41a25fd1481e4f2/TODO)\n\n**Repository:** [klutometis/mod_scheme](https://github.com/klutometis/mod_scheme)\n**Path:** TODO\n**File:** TODO\n\n**Preview:**\n\n```\nTODO\n```\n\n\n### 27. [uuvee369/wireless/sql](https://github.com/uuvee369/wireless/blob/a2e89ba565dcbb47bacee2f8462838b2502f9188/sql)\n\n**Repository:** [uuvee369/wireless](https://github.com/uuvee369/wireless)\n**Path:** sql\n**File:** sql\n\n**Preview:**\n\n```\nsql\n```\n\n\n### 28. [gitGNU/gnu_guile-opengl/TODO](https://github.com/gitGNU/gnu_guile-opengl/blob/99123f8a27848eb3087b90bbdd0f0d2fb7aa7b92/TODO)\n\n**Repository:** [gitGNU/gnu_guile-opengl](https://github.com/gitGNU/gnu_guile-opengl)\n**Path:** TODO\n**File:** TODO\n\n**Preview:**\n\n```\nTODO\n```\n\n\n### 29. [dev-shajid/dsp/z.md](https://github.com/dev-shajid/dsp/blob/b493eb0f21e021de93d929b9d57f75624595f70d/z.md)\n\n**Repository:** [dev-shajid/dsp](https://github.com/dev-shajid/dsp)\n**Path:** z.md\n**File:** z.md\n\n**Preview:**\n\n```\nz.md\n```\n\n\n### 30. [RedAvocado22/Leetcode/9.md](https://github.com/RedAvocado22/Leetcode/blob/ada8d922184ae17747a25b004d3d9c4819c793a6/9.md)\n\n**Repository:** [RedAvocado22/Leetcode](https://github.com/RedAvocado22/Leetcode)\n**Path:** 9.md\n**File:** 9.md\n\n**Preview:**\n\n```\n9.md\n```\n\n\n",
  "err": ""
}