{
  "output": "# Code Search Results\n\n**Total Results:** 0\n\nNo code matches found.\n",
  "err": ""
}