{
  "output": "",
  "err": "GitHub API Error: perPage must be between 1 and 100"
}