{
  "output": "# Commit Search Results\n\n**Total Results:** 70159\n\n## Commits\n\n### 1. [NeuronActivation/kalja-xyz @ 00245cd](https://github.com/NeuronActivation/kalja-xyz/commit/00245cd506b4d1265c2710e3ffc08aa11389569b)\n\n**Repository:** [NeuronActivation/kalja-xyz](https://github.com/NeuronActivation/kalja-xyz)\n**SHA:** 00245cd506b4d1265c2710e3ffc08aa11389569b\n**Message:** Game language going out of sync when calling onMount (#48)\n**Author:** [viirret](https://github.com/viirret)\n**Date:** 2025-01-29T22:04:10+02:00\n\n### 2. [privacybydesign/irmamobile @ 52361eb](https://github.com/privacybydesign/irmamobile/commit/52361ebd608097ac627d9bfce992e009ba921b54)\n\n**Repository:** [privacybydesign/irmamobile](https://github.com/privacybydesign/irmamobile)\n**SHA:** 52361ebd608097ac627d9bfce992e009ba921b54\n**Message:** fix language changing bug\n**Author:** [w-ensink](https://github.com/w-ensink)\n**Date:** 2025-02-11T09:04:29+01:00\n\n### 3. [neticdk/go-common @ ca64554](https://github.com/neticdk/go-common/commit/ca64554be18d002dc1b7ca1a6f0bd61cb76af81d)\n\n**Repository:** [neticdk/go-common](https://github.com/neticdk/go-common)\n**SHA:** ca64554be18d002dc1b7ca1a6f0bd61cb76af81d\n**Message:** Fix typos (#26)\n**Author:** [KimNorgaard](https://github.com/KimNorgaard)\n**Date:** 2025-02-20T11:23:58+01:00\n\n### 4. [farhan4555/Airport-Information-Kiosk @ 63d1791](https://github.com/farhan4555/Airport-Information-Kiosk/commit/63d17912304d9eae1d2165900dd989c747aa5075)\n\n**Repository:** [farhan4555/Airport-Information-Kiosk](https://github.com/farhan4555/Airport-Information-Kiosk)\n**SHA:** 63d17912304d9eae1d2165900dd989c747aa5075\n**Message:** Fix bug causing language selector to go off screeen on chrome\n**Author:** [a7rie](https://github.com/a7rie)\n**Date:** 2024-12-07T21:03:01-07:00\n\n### 5. [JumboCode/village-food-hub @ 614c3c1](https://github.com/JumboCode/village-food-hub/commit/614c3c1eca528852ade6bb26805c68de5ba5ec64)\n\n**Repository:** [JumboCode/village-food-hub](https://github.com/JumboCode/village-food-hub)\n**SHA:** 614c3c1eca528852ade6bb26805c68de5ba5ec64\n**Message:** resolved bug fix where dropdown didn't reflect the language when going from survey back to welcome page\n**Author:** [jiyoonchoi](https://github.com/jiyoonchoi)\n**Date:** 2025-02-08T14:50:09-05:00\n\n### 6. [neticdk/go-common @ 8bf6e4e](https://github.com/neticdk/go-common/commit/8bf6e4ee1993e6dabbba8f25cddca6b36acee51d)\n\n**Repository:** [neticdk/go-common](https://github.com/neticdk/go-common)\n**SHA:** 8bf6e4ee1993e6dabbba8f25cddca6b36acee51d\n**Message:** Docs/update tutorial (#20)\n**Author:** [KimNorgaard](https://github.com/KimNorgaard)\n**Date:** 2025-02-19T10:56:59+01:00\n\n### 7. [zed-industries/zed @ 00bb9a4](https://github.com/zed-industries/zed/commit/00bb9a4e9213378e492cc5de10f1de2782d00f6f)\n\n**Repository:** [zed-industries/zed](https://github.com/zed-industries/zed)\n**SHA:** 00bb9a4e9213378e492cc5de10f1de2782d00f6f\n**Message:** Fix LSP rename in Go (#25073)\n**Author:** [as-cii](https://github.com/as-cii)\n**Date:** 2025-02-18T11:37:58+01:00\n\n### 8. [go-vikunja/vikunja @ 4e979f3](https://github.com/go-vikunja/vikunja/commit/4e979f3375a3bb276ca0b5569b932065fda0c4f0)\n\n**Repository:** [go-vikunja/vikunja](https://github.com/go-vikunja/vikunja)\n**SHA:** 4e979f3375a3bb276ca0b5569b932065fda0c4f0\n**Message:** fix(i18n): use actually set language for dates\n**Author:** [kolaente](https://github.com/kolaente)\n**Date:** 2025-03-09T10:24:45+01:00\n\n### 9. [dictybase-docker/dagger-of-dcr @ a7d09ac](https://github.com/dictybase-docker/dagger-of-dcr/commit/a7d09ac0ac9e1724266d077d6647ed0714d7bf08)\n\n**Repository:** [dictybase-docker/dagger-of-dcr](https://github.com/dictybase-docker/dagger-of-dcr)\n**SHA:** a7d09ac0ac9e1724266d077d6647ed0714d7bf08\n**Message:** build: bump go version to 1.23 and update dependencies\n**Author:** [cybersiddhu](https://github.com/cybersiddhu)\n**Date:** 2025-03-03T14:57:17-06:00\n\n### 10. [sourcegraph/cody @ 72eecd8](https://github.com/sourcegraph/cody/commit/72eecd82aa395813e282b5e438b2bac5867c604f)\n\n**Repository:** [sourcegraph/cody](https://github.com/sourcegraph/cody)\n**SHA:** 72eecd82aa395813e282b5e438b2bac5867c604f\n**Message:** fix(chat): language filters in rules not applying correctly (#7025)\n**Author:** [sayansisodiya](https://github.com/sayansisodiya)\n**Date:** 2025-02-10T21:42:58-07:00\n\n### 11. [NetBSD/pkgsrc @ 13d616d](https://github.com/NetBSD/pkgsrc/commit/13d616d4e952658fbc6f37841461fef5e243c301)\n\n**Repository:** [NetBSD/pkgsrc](https://github.com/NetBSD/pkgsrc)\n**SHA:** 13d616d4e952658fbc6f37841461fef5e243c301\n**Message:** gopls: update to 0.18.0.\n**Author:** [0-wiz-0](https://github.com/0-wiz-0)\n**Date:** 2025-02-23T11:26:16Z\n\n### 12. [m-mdy-m/algorithms-data-structures @ fae1b50](https://github.com/m-mdy-m/algorithms-data-structures/commit/fae1b500791f8362bfaad5d60b224caf508c14a9)\n\n**Repository:** [m-mdy-m/algorithms-data-structures](https://github.com/m-mdy-m/algorithms-data-structures)\n**SHA:** fae1b500791f8362bfaad5d60b224caf508c14a9\n**Message:** Object-Pool pattern implementation in multiple programming languages with minor improvements and bug fixes\n**Author:** [m-mdy-m](https://github.com/m-mdy-m)\n**Date:** 2024-04-20T16:05:24+03:30\n\n### 13. [golang/vscode-go @ f0d9221](https://github.com/golang/vscode-go/commit/f0d9221ee46d74bd11bf69130871fc6685bb2f26)\n\n**Repository:** [golang/vscode-go](https://github.com/golang/vscode-go)\n**SHA:** f0d9221ee46d74bd11bf69130871fc6685bb2f26\n**Message:** extension/src/language: surface code action error as notification\n**Author:** [h9jiang](https://github.com/h9jiang)\n**Date:** 2025-02-12T13:45:42-05:00\n\n### 14. [mal-lang/mal-toolbox @ 93034ff](https://github.com/mal-lang/mal-toolbox/commit/93034ff1541c5230ef2a34f6bebe4bb1321b5586)\n\n**Repository:** [mal-lang/mal-toolbox](https://github.com/mal-lang/mal-toolbox)\n**SHA:** 93034ff1541c5230ef2a34f6bebe4bb1321b5586\n**Message:** Fix collect step expression behaviour by going through each left hand target asset individually\n**Author:** [andrewbwm](https://github.com/andrewbwm)\n**Date:** 2025-03-03T21:51:19+01:00\n\n### 15. [vim/vim-win32-installer @ 14f0e47](https://github.com/vim/vim-win32-installer/commit/14f0e47818f321dac835ab7661ec18d937ec8db2)\n\n**Repository:** [vim/vim-win32-installer](https://github.com/vim/vim-win32-installer)\n**SHA:** 14f0e47818f321dac835ab7661ec18d937ec8db2\n**Message:** vim: Import v9.1.1182\n**Author:** [github-actions[bot]](https://github.com/apps/github-actions)\n**Date:** 2025-03-07T22:09:15Z\n\n### 16. [pya-h/online_pricer_bot @ 6d674b3](https://github.com/pya-h/online_pricer_bot/commit/6d674b366962988ad13c6fd50692927c0cbe652b)\n\n**Repository:** [pya-h/online_pricer_bot](https://github.com/pya-h/online_pricer_bot)\n**SHA:** 6d674b366962988ad13c6fd50692927c0cbe652b\n**Message:** fix some ui \u0026 input bugs\n**Author:** [pya-h](https://github.com/pya-h)\n**Date:** 2024-10-06T20:05:23+03:30\n\n### 17. [vim/vim-appimage @ c921563](https://github.com/vim/vim-appimage/commit/c921563bd502e665cfe6185c668b83e4b4daf4fc)\n\n**Repository:** [vim/vim-appimage](https://github.com/vim/vim-appimage)\n**SHA:** c921563bd502e665cfe6185c668b83e4b4daf4fc\n**Message:** Vim: v9.1.1182\n**Author:** [github-actions[bot]](https://github.com/apps/github-actions)\n**Date:** 2025-03-08T01:03:18Z\n\n### 18. [org-sidedev/sidekick @ 52d3583](https://github.com/org-sidedev/sidekick/commit/52d35830e41cd129c7f3c1373770f5a33e91e43a)\n\n**Repository:** [org-sidedev/sidekick](https://github.com/org-sidedev/sidekick)\n**SHA:** 52d35830e41cd129c7f3c1373770f5a33e91e43a\n**Message:** Support for *.tsx files (#22)\n**Author:** [ehsanul](https://github.com/ehsanul)\n**Date:** 2025-02-02T21:14:19-08:00\n\n### 19. [bbag199/HospitalWayfinder @ 5c34635](https://github.com/bbag199/HospitalWayfinder/commit/5c346352c9b7ca7367a8bfa7e63f0a1284416abf)\n\n**Repository:** [bbag199/HospitalWayfinder](https://github.com/bbag199/HospitalWayfinder)\n**SHA:** 5c346352c9b7ca7367a8bfa7e63f0a1284416abf\n**Message:** Bug fix\n**Author:** [ZC-W](https://github.com/ZC-W)\n**Date:** 2024-10-03T15:48:27+13:00\n\n### 20. [gabrielayresdev/Designo @ 9f6500e](https://github.com/gabrielayresdev/Designo/commit/9f6500e289937e7e86b39411775321b852d75d09)\n\n**Repository:** [gabrielayresdev/Designo](https://github.com/gabrielayresdev/Designo)\n**SHA:** 9f6500e289937e7e86b39411775321b852d75d09\n**Message:** fix: language selection dropdown menu recreated to fix the bug where dropdown closes when mouse is going from selected language to options\n**Author:** [gabrielayresdev](https://github.com/gabrielayresdev)\n**Date:** 2024-05-08T20:16:57-03:00\n\n### 21. [BobNobrain/expansion @ 535013d](https://github.com/BobNobrain/expansion/commit/535013dc4b5f34166d21b895cfe887f3cf0caf0f)\n\n**Repository:** [BobNobrain/expansion](https://github.com/BobNobrain/expansion)\n**SHA:** 535013dc4b5f34166d21b895cfe887f3cf0caf0f\n**Message:** Some renames and a fix of an annoying bug (thank you, go language designers)\n**Author:** [BobNobrain](https://github.com/BobNobrain)\n**Date:** 2024-05-25T11:58:19+03:00\n\n### 22. [Rovanion/.files @ c9fc1c4](https://github.com/Rovanion/.files/commit/c9fc1c434347c8ad6c1036a80e4d39bc4bb5c638)\n\n**Repository:** [Rovanion/.files](https://github.com/Rovanion/.files)\n**SHA:** c9fc1c434347c8ad6c1036a80e4d39bc4bb5c638\n**Message:** setup.bash - Fix bug where leisure would fall through the switch statement\n**Author:** [Rovanion](https://github.com/Rovanion)\n**Date:** 2024-09-12T10:56:42+02:00\n\n### 23. [keymanapp/keyman @ 67a1622](https://github.com/keymanapp/keyman/commit/67a1622c422ae42f1d016630bc3ad1c704736b5e)\n\n**Repository:** [keymanapp/keyman](https://github.com/keymanapp/keyman)\n**SHA:** 67a1622c422ae42f1d016630bc3ad1c704736b5e\n**Message:** fix(developer): filter incorrect fonts out of .keyboard_info\n**Author:** [mcdurdin](https://github.com/mcdurdin)\n**Date:** 2025-01-16T11:04:22+07:00\n\n### 24. [Andrew-Gray/Tools @ 485e1d0](https://github.com/Andrew-Gray/Tools/commit/485e1d0adaf2867410c2f1f62f9d675000381a78)\n\n**Repository:** [Andrew-Gray/Tools](https://github.com/Andrew-Gray/Tools)\n**SHA:** 485e1d0adaf2867410c2f1f62f9d675000381a78\n**Message:** Updated winget options \u0026 bug fix for clear button\n**Author:** [Andrew-Gray](https://github.com/Andrew-Gray)\n**Date:** 2024-07-14T14:10:20-07:00\n\n### 25. [androidx/androidx @ aa07de1](https://github.com/androidx/androidx/commit/aa07de1b29c005438a583ac33849456e68e1a9c6)\n\n**Repository:** [androidx/androidx](https://github.com/androidx/androidx)\n**SHA:** aa07de1b29c005438a583ac33849456e68e1a9c6\n**Message:** Only enable query features w/ addSearchStringParam\n**Date:** 2025-01-23T05:12:36Z\n\n### 26. [nate-gillman/professional-site @ eec9ad1](https://github.com/nate-gillman/professional-site/commit/eec9ad1f0f3cf04dd8f325599c6fac7498c683b1)\n\n**Repository:** [nate-gillman/professional-site](https://github.com/nate-gillman/professional-site)\n**SHA:** eec9ad1f0f3cf04dd8f325599c6fac7498c683b1\n**Message:** Fourier head arXiv link, add to personal site, bug fix (#17)\n**Author:** [nate-gillman](https://github.com/nate-gillman)\n**Date:** 2024-10-29T21:48:01-04:00\n\n### 27. [wu858/getting-started-guides @ 4d1b6db](https://github.com/wu858/getting-started-guides/commit/4d1b6db3faa18d0a1f4369778dbb94d2c78c5e9e)\n\n**Repository:** [wu858/getting-started-guides](https://github.com/wu858/getting-started-guides)\n**SHA:** 4d1b6db3faa18d0a1f4369778dbb94d2c78c5e9e\n**Message:** Inline properties across language guides (#89)\n**Author:** [davetroiano](https://github.com/davetroiano)\n**Date:** 2024-05-20T11:36:36-04:00\n\n### 28. [dictyBase/modware-content @ c3c082b](https://github.com/dictyBase/modware-content/commit/c3c082becd2f35d72b348501fa222912b917839e)\n\n**Repository:** [dictyBase/modware-content](https://github.com/dictyBase/modware-content)\n**SHA:** c3c082becd2f35d72b348501fa222912b917839e\n**Message:** chore(go.mod): update go-genproto dependency version and Go version to improve compatibility\n**Author:** [cybersiddhu](https://github.com/cybersiddhu)\n**Date:** 2024-10-03T14:23:48-05:00\n\n### 29. [emacsmirror/emacs @ c37e7ce](https://github.com/emacsmirror/emacs/commit/c37e7cef42877e8222872ee6e00ecd8ab833d56b)\n\n**Repository:** [emacsmirror/emacs](https://github.com/emacsmirror/emacs)\n**SHA:** c37e7cef42877e8222872ee6e00ecd8ab833d56b\n**Message:** Merge from savannah/emacs-30\n**Date:** 2025-02-15T16:58:55+08:00\n\n### 30. [simmsb/emacs-mac-31 @ c37e7ce](https://github.com/simmsb/emacs-mac-31/commit/c37e7cef42877e8222872ee6e00ecd8ab833d56b)\n\n**Repository:** [simmsb/emacs-mac-31](https://github.com/simmsb/emacs-mac-31)\n**SHA:** c37e7cef42877e8222872ee6e00ecd8ab833d56b\n**Message:** Merge from savannah/emacs-30\n**Date:** 2025-02-15T16:58:55+08:00\n\n",
  "err": ""
}