{
  "output": "",
  "err": "Validation Error: number must be greater than 0"
}