{
  "output": "# Commit\n\n**SHA:**   \n**Message:** Push multiple test files  \n**Author:**   \n**Committer:**   \n**URL:**   \n\n",
  "err": ""
}