{
  "output": "",
  "err": "Validation Error: Reference does not exist"
}