{
  "output": "",
  "err": "Validation Error: content cannot be empty"
}