{
  "output": "# Commit Comment\n\n**ID:** 153418987  \n**Author:** geropl  \n**Created:** Fri, 07 Mar 2025 13:02:42 UTC  \n**URL:** https://github.com/geropl/github-mcp-go-test/commit/4707587d1c57e90aeed4c846b1b71221c73de5f3#commitcomment-153418987  \n\n## Content\n\nThis is a test comment on a commit.\n\n",
  "err": ""
}