{
  "output": "",
  "err": "Validation Error: The tree parameter must be exactly 40 characters and contain only [0-9a-f]."
}