{
  "output": "",
  "err": "Not Found: Ref not found"
}