{
  "output": "# Commits\n\nFound 10 commits.\n\n## 1. 4707587: Delete test file\n\n**SHA:** 4707587d1c57e90aeed4c846b1b71221c73de5f3  \n**URL:** https://github.com/geropl/github-mcp-go-test/commit/4707587d1c57e90aeed4c846b1b71221c73de5f3  \n**Author:** geropl  \n**Date:** Fri, 07 Mar 2025 10:52:03 UTC  \n\n## 2. 1090dd0: Delete test file\n\n**SHA:** 1090dd042cc6f088fa2a4794f7949d00d2a22280  \n**URL:** https://github.com/geropl/github-mcp-go-test/commit/1090dd042cc6f088fa2a4794f7949d00d2a22280  \n**Author:** geropl  \n**Date:** Fri, 07 Mar 2025 10:52:02 UTC  \n\n## 3. 71e42e5: Push multiple test files\n\n**SHA:** 71e42e52026085feda446ce30e6f0f0adbd426dd  \n**URL:** https://github.com/geropl/github-mcp-go-test/commit/71e42e52026085feda446ce30e6f0f0adbd426dd  \n**Author:** geropl  \n**Date:** Fri, 07 Mar 2025 10:51:59 UTC  \n\n## 4. ca1eb54: Delete test file\n\n**SHA:** ca1eb5488abce927d5f23e769d2812d0950edcef  \n**URL:** https://github.com/geropl/github-mcp-go-test/commit/ca1eb5488abce927d5f23e769d2812d0950edcef  \n**Author:** geropl  \n**Date:** Fri, 07 Mar 2025 10:51:52 UTC  \n\n## 5. 578d0c9: Create test file for update\n\n**SHA:** 578d0c9e212ba512050e6f99022d7e1a3b2a011f  \n**URL:** https://github.com/geropl/github-mcp-go-test/commit/578d0c9e212ba512050e6f99022d7e1a3b2a011f  \n**Author:** geropl  \n**Date:** Fri, 07 Mar 2025 10:51:51 UTC  \n\n## 6. 1065970: Delete test file\n\n**SHA:** 10659703401f30ed3b8afaedcb1bbaaa5d7f9125  \n**URL:** https://github.com/geropl/github-mcp-go-test/commit/10659703401f30ed3b8afaedcb1bbaaa5d7f9125  \n**Author:** geropl  \n**Date:** Fri, 07 Mar 2025 10:48:41 UTC  \n\n## 7. 2ee1cd2: Create test file for update\n\n**SHA:** 2ee1cd26c5d567fd1a0c03e5ba340641fa5137db  \n**URL:** https://github.com/geropl/github-mcp-go-test/commit/2ee1cd26c5d567fd1a0c03e5ba340641fa5137db  \n**Author:** geropl  \n**Date:** Fri, 07 Mar 2025 10:48:39 UTC  \n\n## 8. e66c320: Delete test file\n\n**SHA:** e66c320b8160f929d7a8709f40cb15c9cada4919  \n**URL:** https://github.com/geropl/github-mcp-go-test/commit/e66c320b8160f929d7a8709f40cb15c9cada4919  \n**Author:** geropl  \n**Date:** Fri, 07 Mar 2025 10:48:32 UTC  \n\n## 9. 4bfb70a: Create test file\n\n**SHA:** 4bfb70ae50f524e6684b41e143b04a44e1899e3d  \n**URL:** https://github.com/geropl/github-mcp-go-test/commit/4bfb70ae50f524e6684b41e143b04a44e1899e3d  \n**Author:** geropl  \n**Date:** Fri, 07 Mar 2025 10:48:30 UTC  \n\n## 10. f68aa0e: initial commit\n\n**SHA:** f68aa0ed39aae8e2dedef581081dc181d637dded  \n**URL:** https://github.com/geropl/github-mcp-go-test/commit/f68aa0ed39aae8e2dedef581081dc181d637dded  \n**Author:** geropl  \n**Date:** Fri, 07 Mar 2025 07:43:03 UTC  \n\n",
  "err": ""
}