{
  "output": "# Pull Request Diff (#2)\n\n```diff\ndiff --git a/test-file.md b/test-file.md\nnew file mode 100644\nindex 0000000..7f59113\n--- /dev/null\n+++ b/test-file.md\n@@ -0,0 +1,3 @@\n+# Test file\n+\n+Created for testing at 2025-03-07T08:33:09Z\n\\ No newline at end of file\n\n```\n",
  "err": ""
}