{
  "output": "# Repository Search Results\n\n**Total Results:** 1824266\n\n## Repositories\n\n### 1. [avelino/awesome-go](https://github.com/avelino/awesome-go)\n\nA curated list of awesome Go frameworks, libraries and software\n\n- **Stars:** 139330\n- **Language:** Go\n- **Updated:** Fri, 07 Mar 2025 09:31:35 UTC\n\n### 2. [ollama/ollama](https://github.com/ollama/ollama)\n\nGet up and running with Llama 3.3, DeepSeek-R1, Phi-4, Gemma 2, and other large language models.\n\n- **Stars:** 131553\n- **Language:** Go\n- **Updated:** Fri, 07 Mar 2025 10:23:10 UTC\n\n### 3. [golang/go](https://github.com/golang/go)\n\nThe Go programming language\n\n- **Stars:** 126241\n- **Language:** Go\n- **Updated:** Fri, 07 Mar 2025 09:10:53 UTC\n\n### 4. [kubernetes/kubernetes](https://github.com/kubernetes/kubernetes)\n\nProduction-Grade Container Scheduling and Management\n\n- **Stars:** 113507\n- **Language:** Go\n- **Updated:** Fri, 07 Mar 2025 10:08:03 UTC\n\n### 5. [fatedier/frp](https://github.com/fatedier/frp)\n\nA fast reverse proxy to help you expose a local server behind a NAT or firewall to the internet.\n\n- **Stars:** 91204\n- **Language:** Go\n- **Updated:** Fri, 07 Mar 2025 09:32:43 UTC\n\n### 6. [gin-gonic/gin](https://github.com/gin-gonic/gin)\n\nGin is a HTTP web framework written in Go (Golang). It features a Martini-like API with much better performance -- up to 40 times faster. If you need smashing performance, get yourself some Gin.\n\n- **Stars:** 80658\n- **Language:** Go\n- **Updated:** Fri, 07 Mar 2025 10:13:05 UTC\n\n### 7. [gohugoio/hugo](https://github.com/gohugoio/hugo)\n\nThe world‚Äôs fastest framework for building websites.\n\n- **Stars:** 78526\n- **Language:** Go\n- **Updated:** Fri, 07 Mar 2025 10:16:23 UTC\n\n### 8. [moby/moby](https://github.com/moby/moby)\n\nThe Moby Project - a collaborative project for the container ecosystem to assemble container-based systems\n\n- **Stars:** 69292\n- **Language:** Go\n- **Updated:** Fri, 07 Mar 2025 10:16:43 UTC\n\n### 9. [junegunn/fzf](https://github.com/junegunn/fzf)\n\n:cherry_blossom: A command-line fuzzy finder\n\n- **Stars:** 68462\n- **Language:** Go\n- **Updated:** Fri, 07 Mar 2025 09:59:07 UTC\n\n### 10. [syncthing/syncthing](https://github.com/syncthing/syncthing)\n\nOpen Source Continuous File Synchronization\n\n- **Stars:** 68109\n- **Language:** Go\n- **Updated:** Fri, 07 Mar 2025 10:07:33 UTC\n\n### 11. [caddyserver/caddy](https://github.com/caddyserver/caddy)\n\nFast and extensible multi-platform HTTP/1-2-3 web server with automatic HTTPS\n\n- **Stars:** 62091\n- **Language:** Go\n- **Updated:** Fri, 07 Mar 2025 08:36:24 UTC\n\n### 12. [nektos/act](https://github.com/nektos/act)\n\nRun your GitHub Actions locally üöÄ\n\n- **Stars:** 58257\n- **Language:** Go\n- **Updated:** Fri, 07 Mar 2025 09:38:56 UTC\n\n### 13. [prometheus/prometheus](https://github.com/prometheus/prometheus)\n\nThe Prometheus monitoring system and time series database.\n\n- **Stars:** 57518\n- **Language:** Go\n- **Updated:** Fri, 07 Mar 2025 09:46:32 UTC\n\n### 14. [jesseduffield/lazygit](https://github.com/jesseduffield/lazygit)\n\nsimple terminal UI for git commands\n\n- **Stars:** 57441\n- **Language:** Go\n- **Updated:** Fri, 07 Mar 2025 09:50:09 UTC\n\n### 15. [traefik/traefik](https://github.com/traefik/traefik)\n\nThe Cloud Native Application Proxy\n\n- **Stars:** 53546\n- **Language:** Go\n- **Updated:** Fri, 07 Mar 2025 09:42:46 UTC\n\n### 16. [FiloSottile/mkcert](https://github.com/FiloSottile/mkcert)\n\nA simple zero-config tool to make locally trusted development certificates with any names you'd like.\n\n- **Stars:** 52539\n- **Language:** Go\n- **Updated:** Fri, 07 Mar 2025 08:29:23 UTC\n\n### 17. [minio/minio](https://github.com/minio/minio)\n\nMinIO is a high-performance, S3 compatible object store, open sourced under GNU AGPLv3 license.\n\n- **Stars:** 50616\n- **Language:** Go\n- **Updated:** Fri, 07 Mar 2025 09:48:35 UTC\n\n### 18. [wagoodman/dive](https://github.com/wagoodman/dive)\n\nA tool for exploring each layer in a docker image\n\n- **Stars:** 49750\n- **Language:** Go\n- **Updated:** Fri, 07 Mar 2025 10:08:14 UTC\n\n### 19. [rclone/rclone](https://github.com/rclone/rclone)\n\n\"rsync for cloud storage\" - Google Drive, S3, Dropbox, Backblaze B2, One Drive, Swift, Hubic, Wasabi, Google Cloud Storage, Azure Blob, Azure Files, Yandex Files\n\n- **Stars:** 49192\n- **Language:** Go\n- **Updated:** Fri, 07 Mar 2025 06:33:42 UTC\n\n### 20. [etcd-io/etcd](https://github.com/etcd-io/etcd)\n\nDistributed reliable key-value store for the most critical data of a distributed system\n\n- **Stars:** 48571\n- **Language:** Go\n- **Updated:** Fri, 07 Mar 2025 10:10:18 UTC\n\n### 21. [ethereum/go-ethereum](https://github.com/ethereum/go-ethereum)\n\nGo implementation of the Ethereum protocol\n\n- **Stars:** 48531\n- **Language:** Go\n- **Updated:** Fri, 07 Mar 2025 10:23:26 UTC\n\n### 22. [go-gitea/gitea](https://github.com/go-gitea/gitea)\n\nGit with a cup of tea! Painless self-hosted all-in-one software development service, including Git hosting, code review, team collaboration, package registry and CI/CD\n\n- **Stars:** 47442\n- **Language:** Go\n- **Updated:** Fri, 07 Mar 2025 09:51:03 UTC\n\n### 23. [AlistGo/alist](https://github.com/AlistGo/alist)\n\nüóÇÔ∏èA file list/WebDAV program that supports multiple storages, powered by Gin and Solidjs. / ‰∏Ä‰∏™ÊîØÊåÅÂ§öÂ≠òÂÇ®ÁöÑÊñá‰ª∂ÂàóË°®/WebDAVÁ®ãÂ∫èÔºå‰ΩøÁî® Gin Âíå Solidjs„ÄÇ\n\n- **Stars:** 46822\n- **Language:** Go\n- **Updated:** Fri, 07 Mar 2025 10:07:04 UTC\n\n### 24. [v2ray/v2ray-core](https://github.com/v2ray/v2ray-core)\n\nA platform for building proxies to bypass network restrictions.\n\n- **Stars:** 45811\n- **Language:** Go\n- **Updated:** Fri, 07 Mar 2025 08:08:11 UTC\n\n### 25. [gogs/gogs](https://github.com/gogs/gogs)\n\nGogs is a painless self-hosted Git service\n\n- **Stars:** 45552\n- **Language:** Go\n- **Updated:** Fri, 07 Mar 2025 09:05:01 UTC\n\n### 26. [hashicorp/terraform](https://github.com/hashicorp/terraform)\n\nTerraform enables you to safely and predictably create, change, and improve infrastructure. It is a source-available tool that codifies APIs into declarative configuration files that can be shared amongst team members, treated as code, edited, reviewed, and versioned.\n\n- **Stars:** 44659\n- **Language:** Go\n- **Updated:** Fri, 07 Mar 2025 10:22:54 UTC\n\n### 27. [pocketbase/pocketbase](https://github.com/pocketbase/pocketbase)\n\nOpen Source realtime backend in 1 file\n\n- **Stars:** 44162\n- **Language:** Go\n- **Updated:** Fri, 07 Mar 2025 10:10:31 UTC\n\n### 28. [astaxie/build-web-application-with-golang](https://github.com/astaxie/build-web-application-with-golang)\n\nA golang ebook intro how to build a web with golang\n\n- **Stars:** 43444\n- **Language:** Go\n- **Updated:** Fri, 07 Mar 2025 06:31:58 UTC\n\n### 29. [jesseduffield/lazydocker](https://github.com/jesseduffield/lazydocker)\n\nThe lazier way to manage everything docker\n\n- **Stars:** 42734\n- **Language:** Go\n- **Updated:** Fri, 07 Mar 2025 10:12:28 UTC\n\n### 30. [coreybutler/nvm-windows](https://github.com/coreybutler/nvm-windows)\n\nA node.js version management utility for Windows. Ironically written in Go.\n\n- **Stars:** 39865\n- **Language:** Go\n- **Updated:** Fri, 07 Mar 2025 10:13:01 UTC\n\n### 31. [spf13/cobra](https://github.com/spf13/cobra)\n\nA Commander for modern Go CLI interactions\n\n- **Stars:** 39650\n- **Language:** Go\n- **Updated:** Fri, 07 Mar 2025 10:17:52 UTC\n\n### 32. [evanw/esbuild](https://github.com/evanw/esbuild)\n\nAn extremely fast bundler for the web\n\n- **Stars:** 38645\n- **Language:** Go\n- **Updated:** Fri, 07 Mar 2025 10:07:26 UTC\n\n### 33. [cli/cli](https://github.com/cli/cli)\n\nGitHub‚Äôs official command line tool\n\n- **Stars:** 38468\n- **Language:** Go\n- **Updated:** Fri, 07 Mar 2025 10:17:56 UTC\n\n### 34. [pingcap/tidb](https://github.com/pingcap/tidb)\n\nTiDB - the open-source, cloud-native, distributed SQL database designed for modern applications.\n\n- **Stars:** 38040\n- **Language:** Go\n- **Updated:** Fri, 07 Mar 2025 09:40:32 UTC\n\n### 35. [usememos/memos](https://github.com/usememos/memos)\n\nAn open-source, lightweight note-taking solution. The pain-less way to create your meaningful notes. Your Notes, Your Way.\n\n- **Stars:** 37862\n- **Language:** Go\n- **Updated:** Fri, 07 Mar 2025 09:25:59 UTC\n\n### 36. [go-gorm/gorm](https://github.com/go-gorm/gorm)\n\nThe fantastic ORM library for Golang, aims to be developer friendly\n\n- **Stars:** 37650\n- **Language:** Go\n- **Updated:** Fri, 07 Mar 2025 07:33:19 UTC\n\n### 37. [photoprism/photoprism](https://github.com/photoprism/photoprism)\n\nAI-Powered Photos App for the Decentralized Web üåàüíé‚ú®\n\n- **Stars:** 36613\n- **Language:** Go\n- **Updated:** Fri, 07 Mar 2025 07:05:49 UTC\n\n### 38. [istio/istio](https://github.com/istio/istio)\n\nConnect, secure, control, and observe services.\n\n- **Stars:** 36553\n- **Language:** Go\n- **Updated:** Fri, 07 Mar 2025 09:50:16 UTC\n\n### 39. [gofiber/fiber](https://github.com/gofiber/fiber)\n\n‚ö°Ô∏è Express inspired web framework written in Go\n\n- **Stars:** 35261\n- **Language:** Go\n- **Updated:** Fri, 07 Mar 2025 10:11:42 UTC\n\n### 40. [docker/compose](https://github.com/docker/compose)\n\nDefine and run multi-container applications with Docker\n\n- **Stars:** 34888\n- **Language:** Go\n- **Updated:** Fri, 07 Mar 2025 06:03:51 UTC\n\n### 41. [unknwon/the-way-to-go_ZH_CN](https://github.com/unknwon/the-way-to-go_ZH_CN)\n\n„ÄäThe Way to Go„Äã‰∏≠ÊñáËØëÊú¨Ôºå‰∏≠ÊñáÊ≠£ÂºèÂêç„ÄäGo ÂÖ•Èó®ÊåáÂçó„Äã\n\n- **Stars:** 34760\n- **Language:** Go\n- **Updated:** Fri, 07 Mar 2025 08:44:53 UTC\n\n### 42. [halfrost/LeetCode-Go](https://github.com/halfrost/LeetCode-Go)\n\n‚úÖ Solutions to LeetCode by Go, 100% test coverage, runtime beats 100% / LeetCode È¢òËß£\n\n- **Stars:** 33379\n- **Language:** Go\n- **Updated:** Fri, 07 Mar 2025 07:38:59 UTC\n\n### 43. [milvus-io/milvus](https://github.com/milvus-io/milvus)\n\nMilvus is a high-performance, cloud-native vector database built for scalable vector ANN search\n\n- **Stars:** 32985\n- **Language:** Go\n- **Updated:** Fri, 07 Mar 2025 09:42:17 UTC\n\n### 44. [harness/harness](https://github.com/harness/harness)\n\nHarness Open Source is an end-to-end developer platform with Source Control Management, CI/CD Pipelines, Hosted Developer Environments, and Artifact Registries.\n\n- **Stars:** 32481\n- **Language:** Go\n- **Updated:** Fri, 07 Mar 2025 09:42:29 UTC\n\n### 45. [hashicorp/vault](https://github.com/hashicorp/vault)\n\nA tool for secrets management, encryption as a service, and privileged access management\n\n- **Stars:** 31910\n- **Language:** Go\n- **Updated:** Fri, 07 Mar 2025 09:47:15 UTC\n\n### 46. [beego/beego](https://github.com/beego/beego)\n\nbeego is an open-source, high-performance web framework for the Go programming language.\n\n- **Stars:** 31888\n- **Language:** Go\n- **Updated:** Fri, 07 Mar 2025 08:13:31 UTC\n\n### 47. [ehang-io/nps](https://github.com/ehang-io/nps)\n\n‰∏ÄÊ¨æËΩªÈáèÁ∫ß„ÄÅÈ´òÊÄßËÉΩ„ÄÅÂäüËÉΩÂº∫Â§ßÁöÑÂÜÖÁΩëÁ©øÈÄè‰ª£ÁêÜÊúçÂä°Âô®„ÄÇÊîØÊåÅtcp„ÄÅudp„ÄÅsocks5„ÄÅhttpÁ≠âÂá†‰πéÊâÄÊúâÊµÅÈáèËΩ¨ÂèëÔºåÂèØÁî®Êù•ËÆøÈóÆÂÜÖÁΩëÁΩëÁ´ô„ÄÅÊú¨Âú∞ÊîØ‰ªòÊé•Âè£Ë∞ÉËØï„ÄÅsshËÆøÈóÆ„ÄÅËøúÁ®ãÊ°åÈù¢ÔºåÂÜÖÁΩëdnsËß£Êûê„ÄÅÂÜÖÁΩësocks5‰ª£ÁêÜÁ≠âÁ≠â‚Ä¶‚Ä¶ÔºåÂπ∂Â∏¶ÊúâÂäüËÉΩÂº∫Â§ßÁöÑwebÁÆ°ÁêÜÁ´Ø„ÄÇa lightweight, high-performance, powerful intranet penetration proxy server, with a powerful web management terminal.\n\n- **Stars:** 31373\n- **Language:** Go\n- **Updated:** Fri, 07 Mar 2025 09:00:45 UTC\n\n### 48. [mudler/LocalAI](https://github.com/mudler/LocalAI)\n\n:robot: The free, Open Source alternative to OpenAI, Claude and others. Self-hosted and local-first. Drop-in replacement for OpenAI,  running on consumer-grade hardware. No GPU required. Runs gguf, transformers, diffusers and many more models architectures. Features: Generate Text, Audio, Video, Images, Voice Cloning, Distributed, P2P inference\n\n- **Stars:** 30874\n- **Language:** Go\n- **Updated:** Fri, 07 Mar 2025 09:25:52 UTC\n\n### 49. [labstack/echo](https://github.com/labstack/echo)\n\nHigh performance, minimalist Go web framework\n\n- **Stars:** 30578\n- **Language:** Go\n- **Updated:** Fri, 07 Mar 2025 10:11:49 UTC\n\n### 50. [cockroachdb/cockroach](https://github.com/cockroachdb/cockroach)\n\nCockroachDB ‚Äî the cloud native, distributed SQL database designed for high availability, effortless scale, and control over data placement.\n\n- **Stars:** 30574\n- **Language:** Go\n- **Updated:** Fri, 07 Mar 2025 10:21:10 UTC\n\n### 51. [v2fly/v2ray-core](https://github.com/v2fly/v2ray-core)\n\nA platform for building proxies to bypass network restrictions.\n\n- **Stars:** 30570\n- **Language:** Go\n- **Updated:** Fri, 07 Mar 2025 10:18:52 UTC\n\n### 52. [zeromicro/go-zero](https://github.com/zeromicro/go-zero)\n\nA cloud-native Go microservices framework with cli tool for productivity.\n\n- **Stars:** 30384\n- **Language:** Go\n- **Updated:** Fri, 07 Mar 2025 09:27:21 UTC\n\n### 53. [kubernetes/minikube](https://github.com/kubernetes/minikube)\n\nRun Kubernetes locally\n\n- **Stars:** 30018\n- **Language:** Go\n- **Updated:** Fri, 07 Mar 2025 09:14:28 UTC\n\n### 54. [charmbracelet/bubbletea](https://github.com/charmbracelet/bubbletea)\n\nA powerful little TUI framework üèó\n\n- **Stars:** 29892\n- **Language:** Go\n- **Updated:** Fri, 07 Mar 2025 10:07:47 UTC\n\n### 55. [danielmiessler/fabric](https://github.com/danielmiessler/fabric)\n\nfabric is an open-source framework for augmenting humans using AI. It provides a modular framework for solving specific problems using a crowdsourced set of AI prompts that can be used anywhere.\n\n- **Stars:** 29810\n- **Language:** Go\n- **Updated:** Fri, 07 Mar 2025 09:54:40 UTC\n\n### 56. [k3s-io/k3s](https://github.com/k3s-io/k3s)\n\nLightweight Kubernetes\n\n- **Stars:** 28975\n- **Language:** Go\n- **Updated:** Fri, 07 Mar 2025 09:25:39 UTC\n\n### 57. [schollz/croc](https://github.com/schollz/croc)\n\nEasily and securely send things from one computer to another :crocodile: :package:\n\n- **Stars:** 28883\n- **Language:** Go\n- **Updated:** Fri, 07 Mar 2025 08:42:04 UTC\n\n### 58. [derailed/k9s](https://github.com/derailed/k9s)\n\nüê∂ Kubernetes CLI To Manage Your Clusters In Style!\n\n- **Stars:** 28814\n- **Language:** Go\n- **Updated:** Fri, 07 Mar 2025 09:21:29 UTC\n\n### 59. [IceWhaleTech/CasaOS](https://github.com/IceWhaleTech/CasaOS)\n\nCasaOS - A simple, easy-to-use, elegant open-source Personal Cloud system.\n\n- **Stars:** 28811\n- **Language:** Go\n- **Updated:** Fri, 07 Mar 2025 08:20:26 UTC\n\n### 60. [iawia002/lux](https://github.com/iawia002/lux)\n\nüëæ Fast and simple video download library and CLI tool written in Go\n\n- **Stars:** 28807\n- **Language:** Go\n- **Updated:** Fri, 07 Mar 2025 08:46:08 UTC\n\n### 61. [hashicorp/consul](https://github.com/hashicorp/consul)\n\nConsul is a distributed, highly available, and data center aware solution to connect and configure applications across dynamic, distributed infrastructure.\n\n- **Stars:** 28756\n- **Language:** Go\n- **Updated:** Fri, 07 Mar 2025 10:21:37 UTC\n\n### 62. [filebrowser/filebrowser](https://github.com/filebrowser/filebrowser)\n\nüìÇ Web File Browser\n\n- **Stars:** 28077\n- **Language:** Go\n- **Updated:** Fri, 07 Mar 2025 10:08:46 UTC\n\n### 63. [spf13/viper](https://github.com/spf13/viper)\n\nGo configuration with fangs\n\n- **Stars:** 27966\n- **Language:** Go\n- **Updated:** Fri, 07 Mar 2025 08:56:23 UTC\n\n### 64. [restic/restic](https://github.com/restic/restic)\n\nFast, secure, efficient backup program\n\n- **Stars:** 27826\n- **Language:** Go\n- **Updated:** Fri, 07 Mar 2025 09:48:28 UTC\n\n### 65. [helm/helm](https://github.com/helm/helm)\n\nThe Kubernetes Package Manager\n\n- **Stars:** 27549\n- **Language:** Go\n- **Updated:** Fri, 07 Mar 2025 06:59:26 UTC\n\n### 66. [XTLS/Xray-core](https://github.com/XTLS/Xray-core)\n\nXray, Penetrates Everything. Also the best v2ray-core. Where the magic happens.\n\n- **Stars:** 27516\n- **Language:** Go\n- **Updated:** Fri, 07 Mar 2025 09:05:23 UTC\n\n### 67. [AdguardTeam/AdGuardHome](https://github.com/AdguardTeam/AdGuardHome)\n\nNetwork-wide ads \u0026 trackers blocking DNS server\n\n- **Stars:** 27322\n- **Language:** Go\n- **Updated:** Fri, 07 Mar 2025 07:44:42 UTC\n\n### 68. [wailsapp/wails](https://github.com/wailsapp/wails)\n\nCreate beautiful applications using Go\n\n- **Stars:** 27088\n- **Language:** Go\n- **Updated:** Fri, 07 Mar 2025 09:53:03 UTC\n\n### 69. [grafana/k6](https://github.com/grafana/k6)\n\nA modern load testing tool, using Go and JavaScript - https://k6.io\n\n- **Stars:** 26911\n- **Language:** Go\n- **Updated:** Fri, 07 Mar 2025 08:46:24 UTC\n\n### 70. [go-kit/kit](https://github.com/go-kit/kit)\n\nA standard library for microservices.\n\n- **Stars:** 26859\n- **Language:** Go\n- **Updated:** Fri, 07 Mar 2025 07:22:31 UTC\n\n### 71. [tmrts/go-patterns](https://github.com/tmrts/go-patterns)\n\nCurated list of Go design patterns, recipes and idioms\n\n- **Stars:** 25965\n- **Language:** Go\n- **Updated:** Thu, 06 Mar 2025 19:18:39 UTC\n\n### 72. [1Panel-dev/1Panel](https://github.com/1Panel-dev/1Panel)\n\nüî• 1Panel offers an intuitive web interface for managing websites, files, containers, databases and LLMs within a Linux server.\n\n- **Stars:** 25926\n- **Language:** Go\n- **Updated:** Fri, 07 Mar 2025 08:42:39 UTC\n\n### 73. [fyne-io/fyne](https://github.com/fyne-io/fyne)\n\nCross platform GUI toolkit in Go inspired by Material Design\n\n- **Stars:** 25895\n- **Language:** Go\n- **Updated:** Fri, 07 Mar 2025 09:40:01 UTC\n\n### 74. [juanfont/headscale](https://github.com/juanfont/headscale)\n\nAn open source, self-hosted implementation of the Tailscale control server\n\n- **Stars:** 25851\n- **Language:** Go\n- **Updated:** Fri, 07 Mar 2025 09:37:20 UTC\n\n### 75. [zyedidia/micro](https://github.com/zyedidia/micro)\n\nA modern and intuitive terminal-based text editor\n\n- **Stars:** 25708\n- **Language:** Go\n- **Updated:** Fri, 07 Mar 2025 08:32:02 UTC\n\n### 76. [containers/podman](https://github.com/containers/podman)\n\nPodman: A tool for managing OCI containers and pods.\n\n- **Stars:** 25595\n- **Language:** Go\n- **Updated:** Fri, 07 Mar 2025 09:31:47 UTC\n\n### 77. [openfaas/faas](https://github.com/openfaas/faas)\n\nOpenFaaS - Serverless Functions Made Simple\n\n- **Stars:** 25476\n- **Language:** Go\n- **Updated:** Fri, 07 Mar 2025 07:01:19 UTC\n\n### 78. [kataras/iris](https://github.com/kataras/iris)\n\nThe fastest HTTP/2 Go Web Framework. New, modern and easy to learn. Fast development with Code you control. Unbeatable cost-performance ratio :rocket:\n\n- **Stars:** 25398\n- **Language:** Go\n- **Updated:** Fri, 07 Mar 2025 08:14:37 UTC\n\n### 79. [yeasy/docker_practice](https://github.com/yeasy/docker_practice)\n\nLearn and understand Docker\u0026Container technologies, with real DevOps practice!\n\n- **Stars:** 25217\n- **Language:** Go\n- **Updated:** Fri, 07 Mar 2025 04:23:57 UTC\n\n### 80. [nsqio/nsq](https://github.com/nsqio/nsq)\n\nA realtime distributed messaging platform\n\n- **Stars:** 25150\n- **Language:** Go\n- **Updated:** Fri, 07 Mar 2025 09:03:47 UTC\n\n### 81. [sirupsen/logrus](https://github.com/sirupsen/logrus)\n\nStructured, pluggable logging for Go.\n\n- **Stars:** 25058\n- **Language:** Go\n- **Updated:** Fri, 07 Mar 2025 07:27:20 UTC\n\n### 82. [Wox-launcher/Wox](https://github.com/Wox-launcher/Wox)\n\nA cross-platform launcher that simply works\n\n- **Stars:** 25025\n- **Language:** Go\n- **Updated:** Fri, 07 Mar 2025 09:02:49 UTC\n\n### 83. [goharbor/harbor](https://github.com/goharbor/harbor)\n\nAn open source trusted cloud native registry project that stores, signs, and scans content.\n\n- **Stars:** 25004\n- **Language:** Go\n- **Updated:** Fri, 07 Mar 2025 03:34:51 UTC\n\n### 84. [aquasecurity/trivy](https://github.com/aquasecurity/trivy)\n\nFind vulnerabilities, misconfigurations, secrets, SBOM in containers, Kubernetes, code repositories, clouds and more\n\n- **Stars:** 24926\n- **Language:** Go\n- **Updated:** Fri, 07 Mar 2025 10:16:47 UTC\n\n### 85. [grafana/loki](https://github.com/grafana/loki)\n\nLike Prometheus, but for logs.\n\n- **Stars:** 24797\n- **Language:** Go\n- **Updated:** Fri, 07 Mar 2025 09:47:06 UTC\n\n### 86. [opentofu/opentofu](https://github.com/opentofu/opentofu)\n\nOpenTofu lets you declaratively manage your cloud infrastructure.\n\n- **Stars:** 24551\n- **Language:** Go\n- **Updated:** Fri, 07 Mar 2025 10:21:59 UTC\n\n### 87. [dapr/dapr](https://github.com/dapr/dapr)\n\nDapr is a portable, event-driven, runtime for building distributed applications across cloud and edge.\n\n- **Stars:** 24484\n- **Language:** Go\n- **Updated:** Fri, 07 Mar 2025 07:52:59 UTC\n\n### 88. [inconshreveable/ngrok](https://github.com/inconshreveable/ngrok)\n\nUnified ingress for developers\n\n- **Stars:** 24282\n- **Language:** Go\n- **Updated:** Fri, 07 Mar 2025 02:24:45 UTC\n\n### 89. [stretchr/testify](https://github.com/stretchr/testify)\n\nA toolkit with common assertions and mocks that plays nicely with the standard library\n\n- **Stars:** 24182\n- **Language:** Go\n- **Updated:** Fri, 07 Mar 2025 09:17:25 UTC\n\n### 90. [tsenart/vegeta](https://github.com/tsenart/vegeta)\n\nHTTP load testing tool and library. It's over 9000!\n\n- **Stars:** 24034\n- **Language:** Go\n- **Updated:** Fri, 07 Mar 2025 08:09:25 UTC\n\n### 91. [rancher/rancher](https://github.com/rancher/rancher)\n\nComplete container management platform\n\n- **Stars:** 23858\n- **Language:** Go\n- **Updated:** Fri, 07 Mar 2025 07:39:07 UTC\n\n### 92. [go-kratos/kratos](https://github.com/go-kratos/kratos)\n\nYour ultimate Go microservices framework for the cloud-native era.\n\n- **Stars:** 23852\n- **Language:** Go\n- **Updated:** Fri, 07 Mar 2025 10:00:33 UTC\n\n### 93. [seaweedfs/seaweedfs](https://github.com/seaweedfs/seaweedfs)\n\nSeaweedFS is a fast distributed storage system for blobs, objects, files, and data lake, for billions of files! Blob store has O(1) disk seek, cloud tiering. Filer supports Cloud Drive, cross-DC active-active replication, Kubernetes, POSIX FUSE mount, S3 API, S3 Gateway, Hadoop, WebDAV, encryption, Erasure Coding.\n\n- **Stars:** 23850\n- **Language:** Go\n- **Updated:** Fri, 07 Mar 2025 08:45:54 UTC\n\n### 94. [gocolly/colly](https://github.com/gocolly/colly)\n\nElegant Scraper and Crawler Framework for Golang\n\n- **Stars:** 23829\n- **Language:** Go\n- **Updated:** Fri, 07 Mar 2025 08:42:42 UTC\n\n### 95. [go-delve/delve](https://github.com/go-delve/delve)\n\nDelve is a debugger for the Go programming language.\n\n- **Stars:** 23471\n- **Language:** Go\n- **Updated:** Fri, 07 Mar 2025 06:24:00 UTC\n\n### 96. [gorilla/websocket](https://github.com/gorilla/websocket)\n\nPackage gorilla/websocket is a fast, well-tested and widely used WebSocket implementation for Go.\n\n- **Stars:** 23176\n- **Language:** Go\n- **Updated:** Fri, 07 Mar 2025 10:23:54 UTC\n\n### 97. [asdf-vm/asdf](https://github.com/asdf-vm/asdf)\n\nExtendable version manager with support for Ruby, Node.js, Elixir, Erlang \u0026 more\n\n- **Stars:** 23070\n- **Language:** Go\n- **Updated:** Fri, 07 Mar 2025 09:23:43 UTC\n\n### 98. [authelia/authelia](https://github.com/authelia/authelia)\n\nThe Single Sign-On Multi-Factor portal for web apps\n\n- **Stars:** 22992\n- **Language:** Go\n- **Updated:** Fri, 07 Mar 2025 10:16:08 UTC\n\n### 99. [mislav/hub](https://github.com/mislav/hub)\n\nA command-line tool that makes git easier to use with GitHub.\n\n- **Stars:** 22893\n- **Language:** Go\n- **Updated:** Thu, 06 Mar 2025 04:26:43 UTC\n\n### 100. [urfave/cli](https://github.com/urfave/cli)\n\nA simple, fast, and fun package for building command line apps in Go\n\n- **Stars:** 22821\n- **Language:** Go\n- **Updated:** Fri, 07 Mar 2025 08:58:51 UTC\n\n",
  "err": ""
}