{
  "output": "# Pull Request: Test PR\n\n**Number:** #10  \n**State:** open  \n**Created:** Fri, 07 Mar 2025 09:47:31 UTC  \n**URL:** https://github.com/geropl/github-mcp-go-test/pull/10  \n\n## Description\n\nTest PR body\n\n## Details\n\n- **Head:** test/feature-branch-1741340849  \n- **Base:** main  \n- **Draft:** false  \n- **Changes:** +3/-0 in 1 files  \n",
  "err": ""
}