{
  "output": "",
  "err": "Validation Error: message cannot be empty"
}