{
  "output": "",
  "err": "GitHub API Error: query cannot be empty"
}