{
  "output": "",
  "err": "Validation Error: title cannot be empty"
}