{
  "output": "# Issue: Test PR\n\n**Number:** #2  \n**State:** closed  \n**Created:** Fri, 07 Mar 2025 08:33:10 UTC  \n**Closed:** Fri, 07 Mar 2025 08:33:12 UTC  \n**URL:** https://github.com/geropl/github-mcp-go-test/pull/2  \n\n## Description\n\nTest PR body\n\n## Details\n\n**Comments:** 0  \n",
  "err": ""
}