{
  "output": "# Issue Search Results\n\n**Total Results:** 3574192\n\n## Issues\n\n### 1. [Issue #5: Bug test bug](https://github.com/Lufu251/LufuDrill/issues/5)\n\n**Repository:** []()  \n**State:** open  \n**Created:** Tue, 11 Mar 2025 14:15:15 UTC  \n**Labels:** bug  \n\n### 2. [Issue #29: [Bug]: gunlance bug](https://github.com/Bimmr/MHW-Buffer/issues/29)\n\n**Repository:** []()  \n**State:** open  \n**Created:** Sun, 09 Mar 2025 13:01:18 UTC  \n**Labels:** Bug, Information Needed  \n\n### Describe the bug\n\nGunlance - \ninstand charge \u003c\u003c\nshelling type:wide gunlance \ncharge shelling impossibility\n\n### Additional context\n\n_No response_\n\n\n### 3. [Issue #72: [BUG]: {BUG_NAME}](https://github.com/angelplusultra/job-shell/issues/72)\n\n**Repository:** []()  \n**State:** open  \n**Created:** Sun, 09 Mar 2025 12:22:59 UTC  \n**Labels:** bug  \n\n**Describe the bug**\nA clear and concise description of what the bug is.\n\n**To Reproduce**\nSteps to reproduce the behavior:\n1. Go to '...'\n2. Click on '....'\n3. Scroll down to '....'\n4. See error\n\n**E...\n\n\n### 4. [Issue #2660: [BUG] DocumentBySentenceSplitter bug](https://github.com/langchain4j/langchain4j/issues/2660)\n\n**Repository:** []()  \n**State:** open  \n**Created:** Sun, 09 Mar 2025 02:40:20 UTC  \n**Labels:** bug  \n\n\nChinese does not work properly when using DocumentBySentenceSplitter to split.\n\nDocumentBySentenceSplitter sentenceSplitter = new DocumentBySentenceSplitter(200,20);\n        \n        EmbeddingModel e...\n\n\n### 5. [Issue #399: [BUG] Unknown Bug](https://github.com/anthropics/claude-code/issues/399)\n\n**Repository:** []()  \n**State:** open  \n**Created:** Sat, 08 Mar 2025 16:56:10 UTC  \n**Labels:** bug  \n\n![Image](https://github.com/user-attachments/assets/b14947a3-b7a9-45fc-92a1-ade613dad2a8)\n\n\n### 6. [Issue #422: BUG | target=\"_blank Bug](https://github.com/funilrys/PyFunceble/issues/422)\n\n**Repository:** []()  \n**State:** open  \n**Created:** Wed, 12 Mar 2025 00:01:22 UTC  \n**Labels:** bug  \n\n### What is the problem you are experiencing?\n\nExits when scanning \n\n\n### How can we reproduce the problem?\n\nTo reproduce the problem:\n\n1. `docker run -it pyfunceble/pyfunceble --cooldown 3 --color --...\n\n\n### 7. [Issue #5: [Bug]: Bug Report](https://github.com/Ko-Ishigooka/foundations-hands-on-2/issues/5)\n\n**Repository:** []()  \n**State:** open  \n**Created:** Fri, 07 Mar 2025 05:54:21 UTC  \n**Labels:** bug  \n\n### 連絡先\n\n_No response_\n\n### 何が起きたのか?\n\nバグです！a\n\n### Version\n\n1.0.3 (Edge)\n\n### どのブラウザで発生しましたか？\n\n_No response_\n\n### ログの内容\n\n_No response_\n\n### 行動規範\n\n- [X] 私はこのプロジェクトの行動規範に同意します...\n\n\n### 8. [Issue #1: [Bug]: Test bug](https://github.com/charles-rollet/tracex-support-repo/issues/1)\n\n**Repository:** []()  \n**State:** open  \n**Created:** Sun, 09 Mar 2025 10:51:42 UTC  \n**Labels:** bug  \n\n### Operating System\n\nmacOS, M1, 2020\n\n### Describe the issue\n\nI have the following bug ....\n\n[badge soirée medintechs.pdf](https://github.com/user-attachments/files/19149014/badge.soiree.medintechs....\n\n\n### 9. [Issue #56: bug/promotion-move-bug](https://github.com/Rege-97/Chess-Game/issues/56)\n\n**Repository:** []()  \n**State:** open  \n**Created:** Tue, 11 Mar 2025 07:02:51 UTC  \n**Labels:** bug  \n\n프로모션 후 특정 말 클릭 시 전혀 다른 말 클릭이 활성화 되는 버그\n\n\n### 10. [Issue #11486: [Bug] tp bug](https://github.com/Predatoria/BeastsOfBermuda-issues/issues/11486)\n\n**Repository:** []()  \n**State:** open  \n**Created:** Tue, 04 Mar 2025 23:04:21 UTC  \n**Labels:** bug, Gameplay, Live  \n\n_Originally written by **fossil.dash.studios | 76561199005832683**_\nGame Version: 1.2.0439\n\n*===== System Specs =====\nCPU Brand: AMD Ryzen 5 5600 6-Core Processor              \nVendor: AuthenticAMD\nGP...\n\n\n### 11. [Issue #1513: [BUG] \u003cbug description\u003e](https://github.com/Design-and-Code/support/issues/1513)\n\n**Repository:** []()  \n**State:** open  \n**Created:** Thu, 06 Mar 2025 22:59:14 UTC  \n**Labels:** bug  \n\n### Description of the bug\n\nIt is a bug\n\n### Working Environment (e.g. operating system, browser, device)\n\nplease fix\n\n### Please add screenshots (if applicable)\n\n_No response_\n\n### Add any other cont...\n\n\n### 12. [Issue #3: [Bug]: Another bug](https://github.com/ndrewwm/test/issues/3)\n\n**Repository:** []()  \n**State:** open  \n**Created:** Fri, 07 Mar 2025 19:11:50 UTC  \n**Labels:** bug  \n\n### Contact Details\n\n_No response_\n\n### What happened?\n\nA bug happened!\n\n### Environment\n\n- [x] Production (Prod)\n- [x] Test\n\n### Relevant log output and/or error messages\n\n```shell\n\n```\n\n\n### 13. [Issue #50: [Bug]:](https://github.com/ni/labview-icon-editor-test/issues/50)\n\n**Repository:** []()  \n**State:** open  \n**Created:** Tue, 11 Mar 2025 00:04:04 UTC  \n**Labels:** bug  \n\n### What version of the icon editor are you using?\n\nThe one the came with LabVIEW\n\n### Summary\n\ne\n\n### Steps to Reproduce (optional)\n\n_No response_\n\n### Expected Behavior (optional)\n\n_No response_\n\n##...\n\n\n### 14. [Issue #245: [Bug] playermodel bug](https://github.com/JonnyBro/beatrun/issues/245)\n\n**Repository:** []()  \n**State:** open  \n**Created:** Thu, 06 Mar 2025 13:42:48 UTC  \n**Labels:** bug  \n\n**Describe the bug**\nu can see ur hands while going right or left and looking behind yourself\n**To Reproduce**\nSteps to reproduce the behavior:\n1.go forward\n2. look right or left\n3. go the same direct...\n\n\n### 15. [Issue #680: [BUG] Statuspage incidents bug](https://github.com/incidentbot/incidentbot/issues/680)\n\n**Repository:** []()  \n**State:** open  \n**Created:** Fri, 07 Mar 2025 13:03:31 UTC  \n**Labels:** bug  \n\n**Describe the bug**\nWe encountered a bug when updating/managing Statuspage incidents via Slack. We have the following config for this:\n\n```\nstatuspage:\n      enabled: true\n      # The public URL of t...\n\n\n### 16. [Issue #2343: [BUG]](https://github.com/crewAIInc/crewAI/issues/2343)\n\n**Repository:** []()  \n**State:** open  \n**Created:** Wed, 12 Mar 2025 09:19:29 UTC  \n**Labels:** bug  \n\n### Description\n\nTitle\nMonkey Patch details\n\nType\nImprovement\n\nDescription\nHad to create a monkey patch to get crew ai working with the local ollama llm im using.\nBelow ive added the key components of...\n\n\n### 17. [Issue #237: [Bug]:](https://github.com/piotrulos/MSCModLoader/issues/237)\n\n**Repository:** []()  \n**State:** open  \n**Created:** Wed, 12 Mar 2025 09:09:52 UTC  \n**Labels:** bug  \n\n### OS version/build\n\nLinux Fedora 41\n\n### MSCLoader version\n\nI am using the latest released version.\n\n### Description\n\nWhen I open the game and it prompts me to press a key to start, it crashes and n...\n\n\n### 18. [Issue #2138: [BUG]](https://github.com/pytube/pytube/issues/2138)\n\n**Repository:** []()  \n**State:** open  \n**Created:** Sun, 09 Mar 2025 11:44:47 UTC  \n**Labels:** bug  \n\n**Before creating an issue**\n\nPlease confirm that you are on the latest version of pytube by installing from the source.\nYou can do this by running `python -m pip install git+https://github.com/pytube...\n\n\n### 19. [Issue #13: [Bug]: bug report selection](https://github.com/charles-rollet/tracex-support-repo/issues/13)\n\n**Repository:** []()  \n**State:** open  \n**Created:** Sun, 09 Mar 2025 16:05:46 UTC  \n**Labels:** bug  \n\n### Operating System\n\nw\n\n### Severity\n\n🟠 High (Major Issue, No Workaround)\n\n### Describe the issue\n\ns\n\n\n### 20. [Issue #1262: [BUG]](https://github.com/guardianproject/orbot-android/issues/1262)\n\n**Repository:** []()  \n**State:** open  \n**Created:** Sun, 09 Mar 2025 04:46:42 UTC  \n**Labels:** bug  \n\n**Describe the Bug**\nA clear and concise description of what the bug is.\n\n**To Reproduce**\nSteps to reproduce the behavior:\n1. Go to '...'\n2. Click on '...'\n3. Scroll down to '...'\n4. See error\n\n**Exp...\n\n\n### 21. [Issue #167: [BUG]](https://github.com/Azure/AKS-Landing-Zone-Accelerator/issues/167)\n\n**Repository:** []()  \n**State:** open  \n**Created:** Tue, 11 Mar 2025 08:07:15 UTC  \n**Labels:** bug  \n\n**Describe the bug**\nWe are unable to install the flux extension in our AKS private cluster.\nThe installation of the extension runs for some time, then the cluster always ends up in \"Failed\" state wit...\n\n\n### 22. [Issue #451: [Bug]](https://github.com/l0o0/translators_CN/issues/451)\n\n**Repository:** []()  \n**State:** open  \n**Created:** Wed, 12 Mar 2025 08:10:23 UTC  \n**Labels:** bug  \n\n### 你遇到了什么问题？\n\n- [x] 无法识别条目（Zotero Connector显示蓝色空白图标）\n- [ ] 无法保存条目（保存时显示“使用xxx保存时发生错误”）\n- [ ] 无法下载附件\n- [ ] 缺少字段、字段错误\n- [ ] 其他\n\n### 链接\n\nhttps://pubs.acs.org/doi/abs/10.1021/acs.jafc.0c06329\n\n### 情况描述\n\n...\n\n\n### 23. [Issue #10916: Bug:](https://github.com/microsoft/semantic-kernel/issues/10916)\n\n**Repository:** []()  \n**State:** open  \n**Created:** Tue, 11 Mar 2025 14:54:52 UTC  \n**Labels:** bug  \n\n**Describe the bug**\nWhen tried to switch to Azure OpenAI endpoint throwing fallowing \n\n**To Reproduce**\nSteps to reproduce the behavior:\nError running command semantic-kernel.switchEndpointsProvider:...\n\n\n### 24. [Issue #446: [BUG]](https://github.com/anthropics/claude-code/issues/446)\n\n**Repository:** []()  \n**State:** open  \n**Created:** Tue, 11 Mar 2025 23:10:44 UTC  \n**Labels:** bug  \n\n## Environment\n- Platform (select one):\n  - [x] Anthropic API\n  - [ ] AWS Bedrock\n  - [ ] Google Vertex AI\n  - [ ] Other: \u003c!-- specify --\u003e\n- Claude CLI version: *0.2.37*\n- Operating System: *macOS 14....\n\n\n### 25. [Issue #255: [Bug]](https://github.com/shdwmtr/millennium/issues/255)\n\n**Repository:** []()  \n**State:** open  \n**Created:** Sat, 08 Mar 2025 03:39:22 UTC  \n**Labels:** bug  \n\n### Before Reporting\n\n- [x] I found no existing issues matching my bug\n- [x] My issue is not caused by a theme\n- [x] My issue is not caused by a plugin\n\n### Describe the Bug\n\nHello there\nSo there is t...\n\n\n### 26. [Issue #4: [BUG]](https://github.com/RUCICS/ShellLab-2025/issues/4)\n\n**Repository:** []()  \n**State:** open  \n**Created:** Tue, 11 Mar 2025 09:24:09 UTC  \n**Labels:** bug  \n\n### Bug 类型\n\n其他\n\n### Bug 描述\n\n使用 Autograding 评测结果不同\n\n### 复现步骤\n\n使用 Autograding 评测\n\n### 期望行为\n\n一致\n\n### 实际行为\n\n\u003cimg width=\"757\" alt=\"Image\" src=\"https://github.com/user-attachments/assets/5568b14f-cca3-4f2c-...\n\n\n### 27. [Issue #1150: [Bug]:](https://github.com/davidjerleke/embla-carousel/issues/1150)\n\n**Repository:** []()  \n**State:** open  \n**Created:** Wed, 12 Mar 2025 10:35:33 UTC  \n**Labels:** bug  \n\n### Which variants of Embla Carousel are you using?\n\n- [x] embla-carousel **(Core)**\n- [ ] embla-carousel-react\n- [ ] embla-carousel-vue\n- [ ] embla-carousel-svelte\n- [ ] embla-carousel-autoplay\n- [ ]...\n\n\n### 28. [Issue #3: [BUG]](https://github.com/RUCICS/ShellLab-2025/issues/3)\n\n**Repository:** []()  \n**State:** open  \n**Created:** Tue, 11 Mar 2025 02:06:15 UTC  \n**Labels:** bug  \n\n### Bug 类型\n\n测试用例失败\n\n### Bug 描述\n\ntest3输入输出与标准完全一致但是过不了，在dubug模式可以正常过\n\n\n### 复现步骤\n\n运行测试\n\n### 期望行为\n\n应该通过\n\n### 实际行为\n\n失败\n\n### 操作系统类型\n\nLinux（原生）\n\n### Linux 发行版\n\nUbuntu 22.04 或更高版本\n\n### C 编译器版本\n\ngcc (Ubuntu 1...\n\n\n### 29. [Issue #2: bugs](https://github.com/saneechka/Finance/issues/2)\n\n**Repository:** []()  \n**State:** open  \n**Created:** Mon, 10 Mar 2025 18:37:25 UTC  \n**Labels:** bug  \n\nапрув клиента при регистрации должен происходить в главном меню и только после апрува пускать его дальше\n\n\n### 30. [Issue #6904: Bug](https://github.com/react-bootstrap/react-bootstrap/issues/6904)\n\n**Repository:** []()  \n**State:** open  \n**Created:** Tue, 11 Mar 2025 22:10:23 UTC  \n**Labels:** bug  \n\n### Prerequisites\n\n- [x] I am using the [correct version](https://github.com/react-bootstrap/react-bootstrap#bootstrap-compatibility) of React-Bootstrap for my version of Bootstrap\n- [x] I have [searc...\n\n\n",
  "err": ""
}